[rig] targets: tris=15000 height=1.4
02:09:03 | INFO: Data are loaded, start creating Blender stuff
02:09:03 | INFO: Blender create Mesh node textured_mesh.obj
02:09:03 | INFO: glTF import finished in 0.06s
[rig] floor peel: removed 1045 faces below z=-0.7960 (spike 15892 verts)
Info: Removed 6870 vertices
Info: Removed: 502 vertices, 1544 edges, 0 faces
[rig] dropped 0 debris faces (islands<60 faces, biggest=17342)
[rig] cleaned: 9312 verts
[rig] raw height 1.833 m -> 1.4 m (scale 0.7638)
[rig] tris before decimate: 18943
[rig] tris after decimate: 14999 (ratio 0.792)
[rig] analyzing joints, H=1.400
[rig] leg peaks detected -> symmetric x=+-0.102
[rig] shoulder x=+-0.163 (surf 0.226)
[rig] joint Hips           (+0.000, +0.099, +0.742)
[rig] joint Spine          (+0.000, +0.148, +0.840)
[rig] joint Spine1         (+0.000, +0.213, +0.952)
[rig] joint Spine2         (+0.000, +0.194, +1.064)
[rig] joint Neck           (+0.000, +0.156, +1.190)
[rig] joint Head           (+0.000, +0.138, +1.295)
[rig] joint LeftShoulder   (+0.073, +0.205, +1.134)
[rig] joint LeftArm        (+0.163, +0.205, +1.120)
[rig] joint LeftForeArm    (+0.234, +0.180, +0.860)
[rig] joint LeftHand       (+0.322, +0.150, +0.542)
[rig] joint LeftUpLeg      (+0.102, +0.162, +0.700)
[rig] joint LeftLeg        (+0.102, +0.121, +0.378)
[rig] joint LeftFoot       (+0.102, +0.181, +0.105)
[rig] joint LeftToeBase    (+0.102, +0.041, +0.042)
[rig] joint RightShoulder  (-0.073, +0.205, +1.134)
[rig] joint RightArm       (-0.163, +0.162, +1.120)
[rig] joint RightForeArm   (-0.201, +0.048, +0.857)
[rig] joint RightHand      (-0.247, -0.092, +0.536)
[rig] joint RightUpLeg     (-0.102, +0.137, +0.700)
[rig] joint RightLeg       (-0.102, +0.132, +0.378)
[rig] joint RightFoot      (-0.102, +0.087, +0.105)
[rig] joint RightToeBase   (-0.102, -0.053, +0.042)
[rig] bone Hips           head=(+0.000,+0.099,+0.742) len=0.127
[rig] bone Spine          head=(+0.000,+0.148,+0.840) len=0.129
[rig] bone Spine1         head=(+0.000,+0.213,+0.952) len=0.113
[rig] bone Spine2         head=(+0.000,+0.194,+1.064) len=0.132
[rig] bone Neck           head=(+0.000,+0.156,+1.190) len=0.106
[rig] bone Head           head=(+0.000,+0.138,+1.295) len=0.160
[rig] bone LeftShoulder   head=(+0.073,+0.205,+1.134) len=0.091
[rig] bone LeftArm        head=(+0.163,+0.205,+1.120) len=0.271
[rig] bone LeftForeArm    head=(+0.234,+0.180,+0.860) len=0.331
[rig] bone LeftHand       head=(+0.322,+0.150,+0.542) len=0.130
[rig] bone RightShoulder  head=(-0.073,+0.205,+1.134) len=0.100
[rig] bone RightArm       head=(-0.163,+0.162,+1.120) len=0.289
[rig] bone RightForeArm   head=(-0.201,+0.048,+0.857) len=0.353
[rig] bone RightHand      head=(-0.247,-0.092,+0.536) len=0.130
[rig] bone LeftUpLeg      head=(+0.102,+0.162,+0.700) len=0.325
[rig] bone LeftLeg        head=(+0.102,+0.121,+0.378) len=0.280
[rig] bone LeftFoot       head=(+0.102,+0.181,+0.105) len=0.154
[rig] bone LeftToeBase    head=(+0.102,+0.041,+0.042) len=0.070
[rig] bone RightUpLeg     head=(-0.102,+0.137,+0.700) len=0.322
[rig] bone RightLeg       head=(-0.102,+0.132,+0.378) len=0.277
[rig] bone RightFoot      head=(-0.102,+0.087,+0.105) len=0.154
[rig] bone RightToeBase   head=(-0.102,-0.053,+0.042) len=0.070
[rig] auto-skin: unweighted verts: 0/7340
[rig] vertex groups: 22
Blender 4.2.3 LTS (hash 0e22e4fcea03 built 2024-10-14 23:31:34)
Fra:1 Mem:21.57M (Peak 21.57M) | Time:00:00.00 | Mem:0.00M, Peak:0.00M | Scene, ViewLayer | Synchronizing object | textured_mesh.obj
Fra:1 Mem:22.38M (Peak 22.38M) | Time:00:00.00 | Mem:0.00M, Peak:0.00M | Scene, ViewLayer | Synchronizing object | DBG_Hips
Fra:1 Mem:22.65M (Peak 22.65M) | Time:00:00.00 | Mem:0.00M, Peak:0.00M | Scene, ViewLayer | Synchronizing object | DBG_Spine
Fra:1 Mem:22.71M (Peak 22.71M) | Time:00:00.00 | Mem:0.00M, Peak:0.00M | Scene, ViewLayer | Synchronizing object | DBG_Spine1
Fra:1 Mem:22.78M (Peak 22.78M) | Time:00:00.00 | Mem:0.00M, Peak:0.00M | Scene, ViewLayer | Synchronizing object | DBG_Spine2
Fra:1 Mem:22.84M (Peak 22.84M) | Time:00:00.00 | Mem:0.00M, Peak:0.00M | Scene, ViewLayer | Synchronizing object | DBG_Neck
Fra:1 Mem:22.91M (Peak 22.91M) | Time:00:00.00 | Mem:0.00M, Peak:0.00M | Scene, ViewLayer | Synchronizing object | DBG_Head
Fra:1 Mem:23.03M (Peak 23.03M) | Time:00:00.00 | Mem:0.00M, Peak:0.00M | Scene, ViewLayer | Synchronizing object | DBG_LeftShoulder
Fra:1 Mem:23.10M (Peak 23.10M) | Time:00:00.00 | Mem:0.00M, Peak:0.00M | Scene, ViewLayer | Synchronizing object | DBG_LeftArm
Fra:1 Mem:23.16M (Peak 23.16M) | Time:00:00.00 | Mem:0.00M, Peak:0.00M | Scene, ViewLayer | Synchronizing object | DBG_LeftForeArm
Fra:1 Mem:23.23M (Peak 23.23M) | Time:00:00.00 | Mem:0.00M, Peak:0.00M | Scene, ViewLayer | Synchronizing object | DBG_LeftHand
Fra:1 Mem:23.30M (Peak 23.30M) | Time:00:00.00 | Mem:0.00M, Peak:0.00M | Scene, ViewLayer | Synchronizing object | DBG_LeftUpLeg
Fra:1 Mem:23.36M (Peak 23.36M) | Time:00:00.00 | Mem:0.00M, Peak:0.00M | Scene, ViewLayer | Synchronizing object | DBG_LeftLeg
Fra:1 Mem:23.43M (Peak 23.43M) | Time:00:00.00 | Mem:0.00M, Peak:0.00M | Scene, ViewLayer | Synchronizing object | DBG_LeftFoot
Fra:1 Mem:23.49M (Peak 23.49M) | Time:00:00.00 | Mem:0.00M, Peak:0.00M | Scene, ViewLayer | Synchronizing object | DBG_LeftToeBase
Fra:1 Mem:23.56M (Peak 23.56M) | Time:00:00.00 | Mem:0.00M, Peak:0.00M | Scene, ViewLayer | Synchronizing object | DBG_RightShoulder
Fra:1 Mem:23.79M (Peak 23.79M) | Time:00:00.00 | Mem:0.00M, Peak:0.00M | Scene, ViewLayer | Synchronizing object | DBG_RightArm
Fra:1 Mem:23.86M (Peak 23.86M) | Time:00:00.00 | Mem:0.00M, Peak:0.00M | Scene, ViewLayer | Synchronizing object | DBG_RightForeArm
Fra:1 Mem:24.61M (Peak 24.61M) | Time:00:00.00 | Mem:0.00M, Peak:0.00M | Scene, ViewLayer | Synchronizing object | DBG_RightHand
Fra:1 Mem:24.31M (Peak 24.61M) | Time:00:00.00 | Mem:0.00M, Peak:0.00M | Scene, ViewLayer | Synchronizing object | DBG_RightToeBase
Fra:1 Mem:24.40M (Peak 24.61M) | Time:00:00.00 | Mem:0.00M, Peak:0.00M | Scene, ViewLayer | Synchronizing object | DBG_RightUpLeg
Fra:1 Mem:24.46M (Peak 24.61M) | Time:00:00.00 | Mem:0.00M, Peak:0.00M | Scene, ViewLayer | Synchronizing object | DBG_RightFoot
Fra:1 Mem:24.53M (Peak 24.61M) | Time:00:00.00 | Mem:0.00M, Peak:0.00M | Scene, ViewLayer | Synchronizing object | DBG_RightLeg
Fra:1 Mem:24.60M (Peak 24.61M) | Time:00:00.00 | Mem:0.00M, Peak:0.00M | Scene, ViewLayer | Initializing
Fra:1 Mem:23.81M (Peak 24.61M) | Time:00:00.00 | Mem:0.00M, Peak:0.00M | Scene, ViewLayer | Updating Images | Loading Image_1
Fra:1 Mem:23.81M (Peak 24.61M) | Time:00:00.00 | Mem:0.00M, Peak:0.00M | Scene, ViewLayer | Updating Images | Loading Image_0
Fra:1 Mem:54.94M (Peak 87.83M) | Time:00:00.21 | Mem:32.00M, Peak:32.00M | Scene, ViewLayer | Waiting for render to start
Fra:1 Mem:54.94M (Peak 87.83M) | Time:00:00.21 | Mem:32.00M, Peak:32.00M | Scene, ViewLayer | Loading render kernels (may take a few minutes the first time)
Fra:1 Mem:54.94M (Peak 87.83M) | Time:00:00.21 | Mem:32.00M, Peak:32.00M | Scene, ViewLayer | Updating Scene
Fra:1 Mem:54.94M (Peak 87.83M) | Time:00:00.21 | Mem:32.00M, Peak:32.00M | Scene, ViewLayer | Updating Shaders
Fra:1 Mem:55.02M (Peak 87.83M) | Time:00:00.21 | Mem:32.00M, Peak:32.00M | Scene, ViewLayer | Updating Procedurals
Fra:1 Mem:55.02M (Peak 87.83M) | Time:00:00.21 | Mem:32.00M, Peak:32.00M | Scene, ViewLayer | Updating Background
Fra:1 Mem:55.02M (Peak 87.83M) | Time:00:00.21 | Mem:32.00M, Peak:32.00M | Scene, ViewLayer | Updating Camera
Fra:1 Mem:55.02M (Peak 87.83M) | Time:00:00.21 | Mem:32.00M, Peak:32.00M | Scene, ViewLayer | Updating Meshes Flags
Fra:1 Mem:55.02M (Peak 87.83M) | Time:00:00.21 | Mem:32.00M, Peak:32.00M | Scene, ViewLayer | Updating Objects
Fra:1 Mem:55.02M (Peak 87.83M) | Time:00:00.21 | Mem:32.00M, Peak:32.00M | Scene, ViewLayer | Updating Objects | Copying Transformations to device
Fra:1 Mem:55.03M (Peak 87.83M) | Time:00:00.21 | Mem:32.01M, Peak:32.01M | Scene, ViewLayer | Updating Objects | Applying Static Transformations
Fra:1 Mem:55.03M (Peak 87.83M) | Time:00:00.21 | Mem:32.01M, Peak:32.01M | Scene, ViewLayer | Updating Particle Systems
Fra:1 Mem:55.03M (Peak 87.83M) | Time:00:00.21 | Mem:32.01M, Peak:32.01M | Scene, ViewLayer | Updating Particle Systems | Copying Particles to device
Fra:1 Mem:55.03M (Peak 87.83M) | Time:00:00.21 | Mem:32.01M, Peak:32.01M | Scene, ViewLayer | Updating Meshes
Fra:1 Mem:55.58M (Peak 87.83M) | Time:00:00.21 | Mem:32.01M, Peak:32.01M | Scene, ViewLayer | Updating Mesh | Computing attributes
Fra:1 Mem:56.01M (Peak 87.83M) | Time:00:00.21 | Mem:32.01M, Peak:32.01M | Scene, ViewLayer | Updating Mesh | Copying Attributes to device
Fra:1 Mem:56.01M (Peak 87.83M) | Time:00:00.21 | Mem:32.43M, Peak:32.43M | Scene, ViewLayer | Updating Scene BVH | Building
Fra:1 Mem:56.01M (Peak 87.83M) | Time:00:00.21 | Mem:32.43M, Peak:32.43M | Scene, ViewLayer | Updating Scene BVH | Building BVH
Fra:1 Mem:56.01M (Peak 87.83M) | Time:00:00.21 | Mem:33.54M, Peak:33.54M | Scene, ViewLayer | Updating Scene BVH | Building BVH 0%
Fra:1 Mem:56.01M (Peak 87.83M) | Time:00:00.22 | Mem:34.85M, Peak:35.96M | Scene, ViewLayer | Updating Scene BVH | Copying BVH to device
Fra:1 Mem:56.01M (Peak 87.83M) | Time:00:00.22 | Mem:34.85M, Peak:35.96M | Scene, ViewLayer | Updating Mesh | Computing normals
Fra:1 Mem:57.24M (Peak 87.83M) | Time:00:00.22 | Mem:34.85M, Peak:35.96M | Scene, ViewLayer | Updating Mesh | Copying Mesh to device
Fra:1 Mem:57.24M (Peak 87.83M) | Time:00:00.22 | Mem:36.09M, Peak:36.09M | Scene, ViewLayer | Updating Objects Flags
Fra:1 Mem:57.24M (Peak 87.83M) | Time:00:00.22 | Mem:36.09M, Peak:36.09M | Scene, ViewLayer | Updating Primitive Offsets
Fra:1 Mem:57.24M (Peak 87.83M) | Time:00:00.22 | Mem:36.09M, Peak:36.09M | Scene, ViewLayer | Updating Images
Fra:1 Mem:57.24M (Peak 87.83M) | Time:00:00.22 | Mem:36.09M, Peak:36.09M | Scene, ViewLayer | Updating Camera Volume
Fra:1 Mem:57.24M (Peak 87.83M) | Time:00:00.22 | Mem:36.09M, Peak:36.09M | Scene, ViewLayer | Updating Lookup Tables
Fra:1 Mem:57.24M (Peak 87.83M) | Time:00:00.22 | Mem:36.17M, Peak:36.17M | Scene, ViewLayer | Updating Lights
Fra:1 Mem:57.24M (Peak 87.83M) | Time:00:00.22 | Mem:36.17M, Peak:36.17M | Scene, ViewLayer | Updating Lights | Computing tree
Fra:1 Mem:57.24M (Peak 87.83M) | Time:00:00.22 | Mem:36.17M, Peak:36.17M | Scene, ViewLayer | Updating Integrator
Fra:1 Mem:57.24M (Peak 87.83M) | Time:00:00.22 | Mem:36.17M, Peak:36.17M | Scene, ViewLayer | Updating Film
Fra:1 Mem:57.25M (Peak 87.83M) | Time:00:00.22 | Mem:36.09M, Peak:36.17M | Scene, ViewLayer | Updating Lookup Tables
Fra:1 Mem:57.25M (Peak 87.83M) | Time:00:00.22 | Mem:36.18M, Peak:36.18M | Scene, ViewLayer | Updating Baking
Fra:1 Mem:57.25M (Peak 87.83M) | Time:00:00.22 | Mem:36.18M, Peak:36.18M | Scene, ViewLayer | Updating Device | Writing constant memory
Fra:1 Mem:57.25M (Peak 87.83M) | Time:00:00.22 | Mem:36.18M, Peak:36.18M | Scene, ViewLayer | Loading denoising kernels (may take a few minutes the first time)
Fra:1 Mem:57.25M (Peak 87.83M) | Time:00:00.22 | Mem:36.18M, Peak:36.18M | Scene, ViewLayer | Sample 0/24
Fra:1 Mem:133.26M (Peak 133.26M) | Time:00:00.64 | Remaining:00:09.63 | Mem:112.19M, Peak:112.19M | Scene, ViewLayer | Sample 1/24
Fra:1 Mem:165.26M (Peak 213.26M) | Time:00:23.79 | Mem:112.19M, Peak:112.19M | Scene, ViewLayer | Sample 24/24
Fra:1 Mem:165.26M (Peak 213.26M) | Time:00:23.79 | Mem:112.19M, Peak:112.19M | Scene, ViewLayer | Finished
Saved: '/home/hatch/workspace/rpg-crawler-game/art-work/incoming/batch2/work_A/dbg_cleric.png'
Time: 00:24.20 (Saving: 00:00.41)

[rig] debug render -> /home/hatch/workspace/rpg-crawler-game/art-work/incoming/batch2/work_A/dbg_cleric.png
02:09:28 | INFO: Starting glTF 2.0 export
02:09:28 | INFO: Extracting primitive: textured_mesh.obj
02:09:29 | WARNING: More than one shader node tex image used for a texture. The resulting glTF sampler will behave like the first shader node tex image.
02:09:29 | INFO: Primitives created: 1
02:09:29 | WARNING: There are more than 4 joint vertex influences.The 4 with highest weight will be used (and normalized).
02:09:29 | INFO: Finished glTF 2.0 export in 0.3554239273071289 s
INFO Draco mesh compression is available, use library at /home/hatch/workspace/tools/blender-4.2.3-linux-x64/4.2/python/lib/python3.11/site-packages/libextern_draco.so

[rig] exported /home/hatch/workspace/rpg-crawler-game/art-work/incoming/batch2/work_A/rigged_cleric.glb
[rig] DONE unweighted=0

Blender quit
