[turntable] importing /home/hatch/workspace/rpg-crawler-game/art-work/incoming/batch2/work_A/clean_01.glb
01:29:42 | INFO: Data are loaded, start creating Blender stuff
01:29:42 | INFO: Blender create Mesh node textured_mesh.obj
01:29:43 | INFO: glTF import finished in 0.24s
[turntable] normalized: raw height 1.31 m -> 1.75 m (scale 1.337)
[turntable] studio 3-point lighting rigged
Blender 4.2.3 LTS (hash 0e22e4fcea03 built 2024-10-14 23:31:34)
Fra:1 Mem:18.70M (Peak 18.70M) | Time:00:00.00 | Mem:0.00M, Peak:0.00M | Scene, ViewLayer | Synchronizing object | textured_mesh.obj
Fra:1 Mem:18.70M (Peak 18.70M) | Time:00:00.00 | Mem:0.00M, Peak:0.00M | Scene, ViewLayer | Synchronizing object | TurntableGround
Fra:1 Mem:23.98M (Peak 30.97M) | Time:00:00.09 | Mem:0.00M, Peak:0.00M | Scene, ViewLayer | Initializing
Fra:1 Mem:23.96M (Peak 30.97M) | Time:00:00.09 | Mem:0.00M, Peak:0.00M | Scene, ViewLayer | Updating Images | Loading Image_1
Fra:1 Mem:39.97M (Peak 39.97M) | Time:00:00.09 | Mem:0.00M, Peak:0.00M | Scene, ViewLayer | Updating Images | Loading Image_0
Fra:1 Mem:55.65M (Peak 87.99M) | Time:00:00.98 | Mem:32.00M, Peak:32.00M | Scene, ViewLayer | Waiting for render to start
Fra:1 Mem:55.65M (Peak 87.99M) | Time:00:00.98 | Mem:32.00M, Peak:32.00M | Scene, ViewLayer | Loading render kernels (may take a few minutes the first time)
Fra:1 Mem:55.65M (Peak 87.99M) | Time:00:00.98 | Mem:32.00M, Peak:32.00M | Scene, ViewLayer | Updating Scene
Fra:1 Mem:55.65M (Peak 87.99M) | Time:00:00.98 | Mem:32.00M, Peak:32.00M | Scene, ViewLayer | Updating Shaders
Fra:1 Mem:55.74M (Peak 87.99M) | Time:00:00.98 | Mem:32.00M, Peak:32.00M | Scene, ViewLayer | Updating Procedurals
Fra:1 Mem:55.74M (Peak 87.99M) | Time:00:00.98 | Mem:32.00M, Peak:32.00M | Scene, ViewLayer | Updating Background
Fra:1 Mem:55.74M (Peak 87.99M) | Time:00:00.98 | Mem:32.00M, Peak:32.00M | Scene, ViewLayer | Updating Camera
Fra:1 Mem:55.74M (Peak 87.99M) | Time:00:00.98 | Mem:32.00M, Peak:32.00M | Scene, ViewLayer | Updating Meshes Flags
Fra:1 Mem:55.74M (Peak 87.99M) | Time:00:00.98 | Mem:32.00M, Peak:32.00M | Scene, ViewLayer | Updating Objects
Fra:1 Mem:55.74M (Peak 87.99M) | Time:00:00.98 | Mem:32.00M, Peak:32.00M | Scene, ViewLayer | Updating Objects | Copying Transformations to device
Fra:1 Mem:55.74M (Peak 87.99M) | Time:00:00.98 | Mem:32.00M, Peak:32.00M | Scene, ViewLayer | Updating Objects | Applying Static Transformations
Fra:1 Mem:55.74M (Peak 87.99M) | Time:00:00.99 | Mem:32.00M, Peak:32.00M | Scene, ViewLayer | Updating Particle Systems
Fra:1 Mem:55.74M (Peak 87.99M) | Time:00:00.99 | Mem:32.00M, Peak:32.00M | Scene, ViewLayer | Updating Particle Systems | Copying Particles to device
Fra:1 Mem:55.74M (Peak 87.99M) | Time:00:00.99 | Mem:32.00M, Peak:32.00M | Scene, ViewLayer | Updating Meshes
Fra:1 Mem:55.98M (Peak 87.99M) | Time:00:00.99 | Mem:32.00M, Peak:32.00M | Scene, ViewLayer | Updating Mesh | Computing attributes
Fra:1 Mem:56.91M (Peak 87.99M) | Time:00:00.99 | Mem:32.00M, Peak:32.00M | Scene, ViewLayer | Updating Mesh | Copying Attributes to device
Fra:1 Mem:56.91M (Peak 87.99M) | Time:00:00.99 | Mem:32.93M, Peak:32.93M | Scene, ViewLayer | Updating Scene BVH | Building
Fra:1 Mem:56.91M (Peak 87.99M) | Time:00:00.99 | Mem:32.93M, Peak:32.93M | Scene, ViewLayer | Updating Scene BVH | Building BVH
Fra:1 Mem:56.91M (Peak 87.99M) | Time:00:00.99 | Mem:33.42M, Peak:33.42M | Scene, ViewLayer | Updating Scene BVH | Building BVH 0%
Fra:1 Mem:56.91M (Peak 87.99M) | Time:00:01.00 | Mem:34.01M, Peak:34.50M | Scene, ViewLayer | Updating Scene BVH | Copying BVH to device
Fra:1 Mem:56.91M (Peak 87.99M) | Time:00:01.00 | Mem:34.01M, Peak:34.50M | Scene, ViewLayer | Updating Mesh | Computing normals
Fra:1 Mem:58.69M (Peak 87.99M) | Time:00:01.00 | Mem:34.01M, Peak:34.50M | Scene, ViewLayer | Updating Mesh | Copying Mesh to device
Fra:1 Mem:58.69M (Peak 87.99M) | Time:00:01.00 | Mem:35.80M, Peak:35.80M | Scene, ViewLayer | Updating Objects Flags
Fra:1 Mem:58.69M (Peak 87.99M) | Time:00:01.00 | Mem:35.80M, Peak:35.80M | Scene, ViewLayer | Updating Primitive Offsets
Fra:1 Mem:58.69M (Peak 87.99M) | Time:00:01.00 | Mem:35.80M, Peak:35.80M | Scene, ViewLayer | Updating Images
Fra:1 Mem:58.69M (Peak 87.99M) | Time:00:01.00 | Mem:35.80M, Peak:35.80M | Scene, ViewLayer | Updating Camera Volume
Fra:1 Mem:58.69M (Peak 87.99M) | Time:00:01.00 | Mem:35.80M, Peak:35.80M | Scene, ViewLayer | Updating Lookup Tables
Fra:1 Mem:58.69M (Peak 87.99M) | Time:00:01.00 | Mem:35.88M, Peak:35.88M | Scene, ViewLayer | Updating Lights
Fra:1 Mem:58.69M (Peak 87.99M) | Time:00:01.00 | Mem:35.88M, Peak:35.88M | Scene, ViewLayer | Updating Lights | Computing tree
Fra:1 Mem:58.69M (Peak 87.99M) | Time:00:01.00 | Mem:35.88M, Peak:35.88M | Scene, ViewLayer | Updating Integrator
Fra:1 Mem:58.69M (Peak 87.99M) | Time:00:01.00 | Mem:35.88M, Peak:35.88M | Scene, ViewLayer | Updating Film
Fra:1 Mem:58.70M (Peak 87.99M) | Time:00:01.00 | Mem:35.80M, Peak:35.88M | Scene, ViewLayer | Updating Lookup Tables
Fra:1 Mem:58.70M (Peak 87.99M) | Time:00:01.00 | Mem:35.88M, Peak:35.88M | Scene, ViewLayer | Updating Baking
Fra:1 Mem:58.70M (Peak 87.99M) | Time:00:01.00 | Mem:35.88M, Peak:35.88M | Scene, ViewLayer | Updating Device | Writing constant memory
Fra:1 Mem:58.70M (Peak 87.99M) | Time:00:01.00 | Mem:35.88M, Peak:35.88M | Scene, ViewLayer | Loading denoising kernels (may take a few minutes the first time)
Fra:1 Mem:58.70M (Peak 87.99M) | Time:00:01.00 | Mem:35.88M, Peak:35.88M | Scene, ViewLayer | Sample 0/12
Fra:1 Mem:101.46M (Peak 101.46M) | Time:00:03.66 | Remaining:00:29.19 | Mem:78.64M, Peak:78.64M | Scene, ViewLayer | Sample 1/12
Fra:1 Mem:101.46M (Peak 101.46M) | Time:00:27.27 | Remaining:00:08.75 | Mem:78.64M, Peak:78.64M | Scene, ViewLayer | Sample 9/12
Fra:1 Mem:119.46M (Peak 146.46M) | Time:01:01.60 | Mem:78.64M, Peak:78.64M | Scene, ViewLayer | Sample 12/12
Fra:1 Mem:119.46M (Peak 146.46M) | Time:01:01.60 | Mem:78.64M, Peak:78.64M | Scene, ViewLayer | Finished
Saved: '/home/hatch/workspace/rpg-crawler-game/art-work/incoming/batch2/work_A/chk_01_front.png'
Time: 01:02.68 (Saving: 00:01.04)

[turntable] rendered /home/hatch/workspace/rpg-crawler-game/art-work/incoming/batch2/work_A/chk_01_front.png
Fra:1 Mem:21.13M (Peak 21.13M) | Time:00:00.00 | Mem:0.00M, Peak:0.00M | Scene, ViewLayer | Synchronizing object | textured_mesh.obj
Fra:1 Mem:29.94M (Peak 29.94M) | Time:00:00.01 | Mem:0.00M, Peak:0.00M | Scene, ViewLayer | Synchronizing object | TurntableGround
Fra:1 Mem:23.98M (Peak 31.03M) | Time:00:00.06 | Mem:0.00M, Peak:0.00M | Scene, ViewLayer | Initializing
Fra:1 Mem:23.96M (Peak 31.03M) | Time:00:00.09 | Mem:0.00M, Peak:0.00M | Scene, ViewLayer | Updating Images | Loading Image_1
Fra:1 Mem:23.97M (Peak 31.03M) | Time:00:00.09 | Mem:0.00M, Peak:0.00M | Scene, ViewLayer | Updating Images | Loading Image_0
Fra:1 Mem:55.65M (Peak 87.99M) | Time:00:00.66 | Mem:32.00M, Peak:32.00M | Scene, ViewLayer | Waiting for render to start
Fra:1 Mem:55.65M (Peak 87.99M) | Time:00:00.66 | Mem:32.00M, Peak:32.00M | Scene, ViewLayer | Loading render kernels (may take a few minutes the first time)
Fra:1 Mem:55.65M (Peak 87.99M) | Time:00:00.66 | Mem:32.00M, Peak:32.00M | Scene, ViewLayer | Updating Scene
Fra:1 Mem:55.65M (Peak 87.99M) | Time:00:00.66 | Mem:32.00M, Peak:32.00M | Scene, ViewLayer | Updating Shaders
Fra:1 Mem:55.74M (Peak 87.99M) | Time:00:00.66 | Mem:32.00M, Peak:32.00M | Scene, ViewLayer | Updating Procedurals
Fra:1 Mem:55.74M (Peak 87.99M) | Time:00:00.66 | Mem:32.00M, Peak:32.00M | Scene, ViewLayer | Updating Background
Fra:1 Mem:55.74M (Peak 87.99M) | Time:00:00.66 | Mem:32.00M, Peak:32.00M | Scene, ViewLayer | Updating Camera
Fra:1 Mem:55.74M (Peak 87.99M) | Time:00:00.66 | Mem:32.00M, Peak:32.00M | Scene, ViewLayer | Updating Meshes Flags
Fra:1 Mem:55.74M (Peak 87.99M) | Time:00:00.66 | Mem:32.00M, Peak:32.00M | Scene, ViewLayer | Updating Objects
Fra:1 Mem:55.74M (Peak 87.99M) | Time:00:00.66 | Mem:32.00M, Peak:32.00M | Scene, ViewLayer | Updating Objects | Copying Transformations to device
Fra:1 Mem:55.74M (Peak 87.99M) | Time:00:00.66 | Mem:32.00M, Peak:32.00M | Scene, ViewLayer | Updating Objects | Applying Static Transformations
Fra:1 Mem:55.74M (Peak 87.99M) | Time:00:00.66 | Mem:32.00M, Peak:32.00M | Scene, ViewLayer | Updating Particle Systems
Fra:1 Mem:55.74M (Peak 87.99M) | Time:00:00.67 | Mem:32.00M, Peak:32.00M | Scene, ViewLayer | Updating Particle Systems | Copying Particles to device
Fra:1 Mem:55.74M (Peak 87.99M) | Time:00:00.67 | Mem:32.00M, Peak:32.00M | Scene, ViewLayer | Updating Meshes
Fra:1 Mem:55.98M (Peak 87.99M) | Time:00:00.67 | Mem:32.00M, Peak:32.00M | Scene, ViewLayer | Updating Mesh | Computing attributes
Fra:1 Mem:56.91M (Peak 87.99M) | Time:00:00.67 | Mem:32.00M, Peak:32.00M | Scene, ViewLayer | Updating Mesh | Copying Attributes to device
Fra:1 Mem:56.91M (Peak 87.99M) | Time:00:00.68 | Mem:32.93M, Peak:32.93M | Scene, ViewLayer | Updating Scene BVH | Building
Fra:1 Mem:56.91M (Peak 87.99M) | Time:00:00.68 | Mem:32.93M, Peak:32.93M | Scene, ViewLayer | Updating Scene BVH | Building BVH
Fra:1 Mem:56.91M (Peak 87.99M) | Time:00:00.68 | Mem:33.42M, Peak:33.42M | Scene, ViewLayer | Updating Scene BVH | Building BVH 0%
Fra:1 Mem:56.91M (Peak 87.99M) | Time:00:00.71 | Mem:34.01M, Peak:34.50M | Scene, ViewLayer | Updating Scene BVH | Copying BVH to device
Fra:1 Mem:56.91M (Peak 87.99M) | Time:00:00.71 | Mem:34.01M, Peak:34.50M | Scene, ViewLayer | Updating Mesh | Computing normals
Fra:1 Mem:58.69M (Peak 87.99M) | Time:00:00.72 | Mem:34.01M, Peak:34.50M | Scene, ViewLayer | Updating Mesh | Copying Mesh to device
Fra:1 Mem:58.69M (Peak 87.99M) | Time:00:00.72 | Mem:35.80M, Peak:35.80M | Scene, ViewLayer | Updating Objects Flags
Fra:1 Mem:58.69M (Peak 87.99M) | Time:00:00.72 | Mem:35.80M, Peak:35.80M | Scene, ViewLayer | Updating Primitive Offsets
Fra:1 Mem:58.69M (Peak 87.99M) | Time:00:00.72 | Mem:35.80M, Peak:35.80M | Scene, ViewLayer | Updating Images
Fra:1 Mem:58.69M (Peak 87.99M) | Time:00:00.72 | Mem:35.80M, Peak:35.80M | Scene, ViewLayer | Updating Camera Volume
Fra:1 Mem:58.69M (Peak 87.99M) | Time:00:00.72 | Mem:35.80M, Peak:35.80M | Scene, ViewLayer | Updating Lookup Tables
Fra:1 Mem:58.69M (Peak 87.99M) | Time:00:00.72 | Mem:35.88M, Peak:35.88M | Scene, ViewLayer | Updating Lights
Fra:1 Mem:58.69M (Peak 87.99M) | Time:00:00.72 | Mem:35.88M, Peak:35.88M | Scene, ViewLayer | Updating Lights | Computing tree
Fra:1 Mem:58.69M (Peak 87.99M) | Time:00:00.72 | Mem:35.88M, Peak:35.88M | Scene, ViewLayer | Updating Integrator
Fra:1 Mem:58.69M (Peak 87.99M) | Time:00:00.72 | Mem:35.88M, Peak:35.88M | Scene, ViewLayer | Updating Film
Fra:1 Mem:58.70M (Peak 87.99M) | Time:00:00.72 | Mem:35.80M, Peak:35.88M | Scene, ViewLayer | Updating Lookup Tables
Fra:1 Mem:58.70M (Peak 87.99M) | Time:00:00.72 | Mem:35.88M, Peak:35.88M | Scene, ViewLayer | Updating Baking
Fra:1 Mem:58.70M (Peak 87.99M) | Time:00:00.72 | Mem:35.88M, Peak:35.88M | Scene, ViewLayer | Updating Device | Writing constant memory
Fra:1 Mem:58.70M (Peak 87.99M) | Time:00:00.72 | Mem:35.88M, Peak:35.88M | Scene, ViewLayer | Loading denoising kernels (may take a few minutes the first time)
Fra:1 Mem:58.70M (Peak 87.99M) | Time:00:00.72 | Mem:35.88M, Peak:35.88M | Scene, ViewLayer | Sample 0/12
Fra:1 Mem:101.46M (Peak 101.46M) | Time:00:03.85 | Remaining:00:34.51 | Mem:78.64M, Peak:78.64M | Scene, ViewLayer | Sample 1/12
Fra:1 Mem:101.46M (Peak 101.46M) | Time:00:26.12 | Remaining:00:08.46 | Mem:78.64M, Peak:78.64M | Scene, ViewLayer | Sample 9/12
Fra:1 Mem:119.46M (Peak 146.46M) | Time:00:59.66 | Mem:78.64M, Peak:78.64M | Scene, ViewLayer | Sample 12/12
Fra:1 Mem:119.46M (Peak 146.46M) | Time:00:59.67 | Mem:78.64M, Peak:78.64M | Scene, ViewLayer | Finished
Saved: '/home/hatch/workspace/rpg-crawler-game/art-work/incoming/batch2/work_A/chk_01_threequarter.png'
Time: 01:00.33 (Saving: 00:00.65)

[turntable] rendered /home/hatch/workspace/rpg-crawler-game/art-work/incoming/batch2/work_A/chk_01_threequarter.png
Fra:1 Mem:21.13M (Peak 21.13M) | Time:00:00.01 | Mem:0.00M, Peak:0.00M | Scene, ViewLayer | Synchronizing object | textured_mesh.obj
Fra:1 Mem:21.87M (Peak 21.87M) | Time:00:00.01 | Mem:0.00M, Peak:0.00M | Scene, ViewLayer | Synchronizing object | TurntableGround
Fra:1 Mem:23.98M (Peak 31.03M) | Time:00:00.08 | Mem:0.00M, Peak:0.00M | Scene, ViewLayer | Initializing
Fra:1 Mem:23.96M (Peak 31.03M) | Time:00:00.08 | Mem:0.00M, Peak:0.00M | Scene, ViewLayer | Updating Images | Loading Image_1
Fra:1 Mem:39.97M (Peak 39.97M) | Time:00:00.08 | Mem:0.00M, Peak:0.00M | Scene, ViewLayer | Updating Images | Loading Image_0
Fra:1 Mem:55.65M (Peak 87.99M) | Time:00:00.58 | Mem:32.00M, Peak:32.00M | Scene, ViewLayer | Waiting for render to start
Fra:1 Mem:55.65M (Peak 87.99M) | Time:00:00.58 | Mem:32.00M, Peak:32.00M | Scene, ViewLayer | Loading render kernels (may take a few minutes the first time)
Fra:1 Mem:55.65M (Peak 87.99M) | Time:00:00.58 | Mem:32.00M, Peak:32.00M | Scene, ViewLayer | Updating Scene
Fra:1 Mem:55.65M (Peak 87.99M) | Time:00:00.58 | Mem:32.00M, Peak:32.00M | Scene, ViewLayer | Updating Shaders
Fra:1 Mem:55.74M (Peak 87.99M) | Time:00:00.58 | Mem:32.00M, Peak:32.00M | Scene, ViewLayer | Updating Procedurals
Fra:1 Mem:55.74M (Peak 87.99M) | Time:00:00.58 | Mem:32.00M, Peak:32.00M | Scene, ViewLayer | Updating Background
Fra:1 Mem:55.74M (Peak 87.99M) | Time:00:00.58 | Mem:32.00M, Peak:32.00M | Scene, ViewLayer | Updating Camera
Fra:1 Mem:55.74M (Peak 87.99M) | Time:00:00.58 | Mem:32.00M, Peak:32.00M | Scene, ViewLayer | Updating Meshes Flags
Fra:1 Mem:55.74M (Peak 87.99M) | Time:00:00.58 | Mem:32.00M, Peak:32.00M | Scene, ViewLayer | Updating Objects
Fra:1 Mem:55.74M (Peak 87.99M) | Time:00:00.58 | Mem:32.00M, Peak:32.00M | Scene, ViewLayer | Updating Objects | Copying Transformations to device
Fra:1 Mem:55.74M (Peak 87.99M) | Time:00:00.58 | Mem:32.00M, Peak:32.00M | Scene, ViewLayer | Updating Objects | Applying Static Transformations
Fra:1 Mem:55.74M (Peak 87.99M) | Time:00:00.58 | Mem:32.00M, Peak:32.00M | Scene, ViewLayer | Updating Particle Systems
Fra:1 Mem:55.74M (Peak 87.99M) | Time:00:00.58 | Mem:32.00M, Peak:32.00M | Scene, ViewLayer | Updating Particle Systems | Copying Particles to device
Fra:1 Mem:55.74M (Peak 87.99M) | Time:00:00.58 | Mem:32.00M, Peak:32.00M | Scene, ViewLayer | Updating Meshes
Fra:1 Mem:55.98M (Peak 87.99M) | Time:00:00.58 | Mem:32.00M, Peak:32.00M | Scene, ViewLayer | Updating Mesh | Computing attributes
Fra:1 Mem:56.91M (Peak 87.99M) | Time:00:00.58 | Mem:32.00M, Peak:32.00M | Scene, ViewLayer | Updating Mesh | Copying Attributes to device
Fra:1 Mem:56.91M (Peak 87.99M) | Time:00:00.58 | Mem:32.93M, Peak:32.93M | Scene, ViewLayer | Updating Scene BVH | Building
Fra:1 Mem:56.91M (Peak 87.99M) | Time:00:00.58 | Mem:32.93M, Peak:32.93M | Scene, ViewLayer | Updating Scene BVH | Building BVH
Fra:1 Mem:56.91M (Peak 87.99M) | Time:00:00.58 | Mem:33.42M, Peak:33.42M | Scene, ViewLayer | Updating Scene BVH | Building BVH 0%
Fra:1 Mem:56.91M (Peak 87.99M) | Time:00:00.60 | Mem:34.01M, Peak:34.50M | Scene, ViewLayer | Updating Scene BVH | Copying BVH to device
Fra:1 Mem:56.91M (Peak 87.99M) | Time:00:00.60 | Mem:34.01M, Peak:34.50M | Scene, ViewLayer | Updating Mesh | Computing normals
Fra:1 Mem:58.69M (Peak 87.99M) | Time:00:00.60 | Mem:34.01M, Peak:34.50M | Scene, ViewLayer | Updating Mesh | Copying Mesh to device
Fra:1 Mem:58.69M (Peak 87.99M) | Time:00:00.60 | Mem:35.80M, Peak:35.80M | Scene, ViewLayer | Updating Objects Flags
Fra:1 Mem:58.69M (Peak 87.99M) | Time:00:00.60 | Mem:35.80M, Peak:35.80M | Scene, ViewLayer | Updating Primitive Offsets
Fra:1 Mem:58.69M (Peak 87.99M) | Time:00:00.60 | Mem:35.80M, Peak:35.80M | Scene, ViewLayer | Updating Images
Fra:1 Mem:58.69M (Peak 87.99M) | Time:00:00.60 | Mem:35.80M, Peak:35.80M | Scene, ViewLayer | Updating Camera Volume
Fra:1 Mem:58.69M (Peak 87.99M) | Time:00:00.60 | Mem:35.80M, Peak:35.80M | Scene, ViewLayer | Updating Lookup Tables
Fra:1 Mem:58.69M (Peak 87.99M) | Time:00:00.60 | Mem:35.88M, Peak:35.88M | Scene, ViewLayer | Updating Lights
Fra:1 Mem:58.69M (Peak 87.99M) | Time:00:00.60 | Mem:35.88M, Peak:35.88M | Scene, ViewLayer | Updating Lights | Computing tree
Fra:1 Mem:58.69M (Peak 87.99M) | Time:00:00.60 | Mem:35.88M, Peak:35.88M | Scene, ViewLayer | Updating Integrator
Fra:1 Mem:58.69M (Peak 87.99M) | Time:00:00.60 | Mem:35.88M, Peak:35.88M | Scene, ViewLayer | Updating Film
Fra:1 Mem:58.70M (Peak 87.99M) | Time:00:00.60 | Mem:35.80M, Peak:35.88M | Scene, ViewLayer | Updating Lookup Tables
Fra:1 Mem:58.70M (Peak 87.99M) | Time:00:00.60 | Mem:35.88M, Peak:35.88M | Scene, ViewLayer | Updating Baking
Fra:1 Mem:58.70M (Peak 87.99M) | Time:00:00.60 | Mem:35.88M, Peak:35.88M | Scene, ViewLayer | Updating Device | Writing constant memory
Fra:1 Mem:58.70M (Peak 87.99M) | Time:00:00.60 | Mem:35.88M, Peak:35.88M | Scene, ViewLayer | Loading denoising kernels (may take a few minutes the first time)
Fra:1 Mem:58.70M (Peak 87.99M) | Time:00:00.60 | Mem:35.88M, Peak:35.88M | Scene, ViewLayer | Sample 0/12
Fra:1 Mem:101.46M (Peak 101.46M) | Time:00:03.76 | Remaining:00:34.78 | Mem:78.64M, Peak:78.64M | Scene, ViewLayer | Sample 1/12
Fra:1 Mem:101.46M (Peak 101.46M) | Time:00:26.17 | Remaining:00:08.52 | Mem:78.64M, Peak:78.64M | Scene, ViewLayer | Sample 9/12
Fra:1 Mem:119.46M (Peak 146.46M) | Time:01:00.17 | Mem:78.64M, Peak:78.64M | Scene, ViewLayer | Sample 12/12
Fra:1 Mem:119.46M (Peak 146.46M) | Time:01:00.17 | Mem:78.64M, Peak:78.64M | Scene, ViewLayer | Finished
Saved: '/home/hatch/workspace/rpg-crawler-game/art-work/incoming/batch2/work_A/chk_01_side.png'
Time: 01:00.84 (Saving: 00:00.65)

[turntable] rendered /home/hatch/workspace/rpg-crawler-game/art-work/incoming/batch2/work_A/chk_01_side.png
Fra:1 Mem:21.13M (Peak 21.13M) | Time:00:00.00 | Mem:0.00M, Peak:0.00M | Scene, ViewLayer | Synchronizing object | textured_mesh.obj
Fra:1 Mem:29.94M (Peak 29.94M) | Time:00:00.00 | Mem:0.00M, Peak:0.00M | Scene, ViewLayer | Synchronizing object | TurntableGround
Fra:1 Mem:23.98M (Peak 31.03M) | Time:00:00.04 | Mem:0.00M, Peak:0.00M | Scene, ViewLayer | Initializing
Fra:1 Mem:23.97M (Peak 31.03M) | Time:00:00.07 | Mem:0.00M, Peak:0.00M | Scene, ViewLayer | Updating Images | Loading Image_1
Fra:1 Mem:39.97M (Peak 39.97M) | Time:00:00.07 | Mem:0.00M, Peak:0.00M | Scene, ViewLayer | Updating Images | Loading Image_0
Fra:1 Mem:55.65M (Peak 87.99M) | Time:00:00.67 | Mem:32.00M, Peak:32.00M | Scene, ViewLayer | Waiting for render to start
Fra:1 Mem:55.65M (Peak 87.99M) | Time:00:00.67 | Mem:32.00M, Peak:32.00M | Scene, ViewLayer | Loading render kernels (may take a few minutes the first time)
Fra:1 Mem:55.65M (Peak 87.99M) | Time:00:00.67 | Mem:32.00M, Peak:32.00M | Scene, ViewLayer | Updating Scene
Fra:1 Mem:55.65M (Peak 87.99M) | Time:00:00.67 | Mem:32.00M, Peak:32.00M | Scene, ViewLayer | Updating Shaders
Fra:1 Mem:55.74M (Peak 87.99M) | Time:00:00.68 | Mem:32.00M, Peak:32.00M | Scene, ViewLayer | Updating Procedurals
Fra:1 Mem:55.74M (Peak 87.99M) | Time:00:00.68 | Mem:32.00M, Peak:32.00M | Scene, ViewLayer | Updating Background
Fra:1 Mem:55.74M (Peak 87.99M) | Time:00:00.68 | Mem:32.00M, Peak:32.00M | Scene, ViewLayer | Updating Camera
Fra:1 Mem:55.74M (Peak 87.99M) | Time:00:00.68 | Mem:32.00M, Peak:32.00M | Scene, ViewLayer | Updating Meshes Flags
Fra:1 Mem:55.74M (Peak 87.99M) | Time:00:00.68 | Mem:32.00M, Peak:32.00M | Scene, ViewLayer | Updating Objects
Fra:1 Mem:55.74M (Peak 87.99M) | Time:00:00.68 | Mem:32.00M, Peak:32.00M | Scene, ViewLayer | Updating Objects | Copying Transformations to device
Fra:1 Mem:55.74M (Peak 87.99M) | Time:00:00.68 | Mem:32.00M, Peak:32.00M | Scene, ViewLayer | Updating Objects | Applying Static Transformations
Fra:1 Mem:55.74M (Peak 87.99M) | Time:00:00.68 | Mem:32.00M, Peak:32.00M | Scene, ViewLayer | Updating Particle Systems
Fra:1 Mem:55.74M (Peak 87.99M) | Time:00:00.68 | Mem:32.00M, Peak:32.00M | Scene, ViewLayer | Updating Particle Systems | Copying Particles to device
Fra:1 Mem:55.74M (Peak 87.99M) | Time:00:00.68 | Mem:32.00M, Peak:32.00M | Scene, ViewLayer | Updating Meshes
Fra:1 Mem:55.98M (Peak 87.99M) | Time:00:00.68 | Mem:32.00M, Peak:32.00M | Scene, ViewLayer | Updating Mesh | Computing attributes
Fra:1 Mem:56.91M (Peak 87.99M) | Time:00:00.68 | Mem:32.00M, Peak:32.00M | Scene, ViewLayer | Updating Mesh | Copying Attributes to device
Fra:1 Mem:56.91M (Peak 87.99M) | Time:00:00.68 | Mem:32.93M, Peak:32.93M | Scene, ViewLayer | Updating Scene BVH | Building
Fra:1 Mem:56.91M (Peak 87.99M) | Time:00:00.68 | Mem:32.93M, Peak:32.93M | Scene, ViewLayer | Updating Scene BVH | Building BVH
Fra:1 Mem:56.91M (Peak 87.99M) | Time:00:00.69 | Mem:33.42M, Peak:33.42M | Scene, ViewLayer | Updating Scene BVH | Building BVH 0%
Fra:1 Mem:56.91M (Peak 87.99M) | Time:00:00.71 | Mem:34.01M, Peak:34.50M | Scene, ViewLayer | Updating Scene BVH | Copying BVH to device
Fra:1 Mem:56.91M (Peak 87.99M) | Time:00:00.72 | Mem:34.01M, Peak:34.50M | Scene, ViewLayer | Updating Mesh | Computing normals
Fra:1 Mem:58.69M (Peak 87.99M) | Time:00:00.72 | Mem:34.01M, Peak:34.50M | Scene, ViewLayer | Updating Mesh | Copying Mesh to device
Fra:1 Mem:58.69M (Peak 87.99M) | Time:00:00.72 | Mem:35.80M, Peak:35.80M | Scene, ViewLayer | Updating Objects Flags
Fra:1 Mem:58.69M (Peak 87.99M) | Time:00:00.72 | Mem:35.80M, Peak:35.80M | Scene, ViewLayer | Updating Primitive Offsets
Fra:1 Mem:58.69M (Peak 87.99M) | Time:00:00.72 | Mem:35.80M, Peak:35.80M | Scene, ViewLayer | Updating Images
Fra:1 Mem:58.69M (Peak 87.99M) | Time:00:00.72 | Mem:35.80M, Peak:35.80M | Scene, ViewLayer | Updating Camera Volume
Fra:1 Mem:58.69M (Peak 87.99M) | Time:00:00.72 | Mem:35.80M, Peak:35.80M | Scene, ViewLayer | Updating Lookup Tables
Fra:1 Mem:58.69M (Peak 87.99M) | Time:00:00.72 | Mem:35.88M, Peak:35.88M | Scene, ViewLayer | Updating Lights
Fra:1 Mem:58.69M (Peak 87.99M) | Time:00:00.72 | Mem:35.88M, Peak:35.88M | Scene, ViewLayer | Updating Lights | Computing tree
Fra:1 Mem:58.69M (Peak 87.99M) | Time:00:00.72 | Mem:35.88M, Peak:35.88M | Scene, ViewLayer | Updating Integrator
Fra:1 Mem:58.69M (Peak 87.99M) | Time:00:00.72 | Mem:35.88M, Peak:35.88M | Scene, ViewLayer | Updating Film
Fra:1 Mem:58.70M (Peak 87.99M) | Time:00:00.72 | Mem:35.80M, Peak:35.88M | Scene, ViewLayer | Updating Lookup Tables
Fra:1 Mem:58.70M (Peak 87.99M) | Time:00:00.72 | Mem:35.88M, Peak:35.88M | Scene, ViewLayer | Updating Baking
Fra:1 Mem:58.70M (Peak 87.99M) | Time:00:00.72 | Mem:35.88M, Peak:35.88M | Scene, ViewLayer | Updating Device | Writing constant memory
Fra:1 Mem:58.70M (Peak 87.99M) | Time:00:00.72 | Mem:35.88M, Peak:35.88M | Scene, ViewLayer | Loading denoising kernels (may take a few minutes the first time)
Fra:1 Mem:58.70M (Peak 87.99M) | Time:00:00.72 | Mem:35.88M, Peak:35.88M | Scene, ViewLayer | Sample 0/12
Fra:1 Mem:101.46M (Peak 101.46M) | Time:00:04.19 | Remaining:00:38.11 | Mem:78.64M, Peak:78.64M | Scene, ViewLayer | Sample 1/12
Fra:1 Mem:101.46M (Peak 101.46M) | Time:00:29.19 | Remaining:00:09.48 | Mem:78.64M, Peak:78.64M | Scene, ViewLayer | Sample 9/12
Fra:1 Mem:119.46M (Peak 146.46M) | Time:01:10.43 | Mem:78.64M, Peak:78.64M | Scene, ViewLayer | Sample 12/12
Fra:1 Mem:119.46M (Peak 146.46M) | Time:01:10.44 | Mem:78.64M, Peak:78.64M | Scene, ViewLayer | Finished
Saved: '/home/hatch/workspace/rpg-crawler-game/art-work/incoming/batch2/work_A/chk_01_back.png'
Time: 01:11.17 (Saving: 00:00.72)

[turntable] rendered /home/hatch/workspace/rpg-crawler-game/art-work/incoming/batch2/work_A/chk_01_back.png
[turntable] done

Blender quit
