[turntable] importing /home/hatch/workspace/rpg-crawler-game/art-work/incoming/batch2/work_A/rigged_cleric.glb
02:11:39 | INFO: Data are loaded, start creating Blender stuff
02:11:39 | INFO: Blender create Mesh node textured_mesh.obj
02:11:40 | INFO: glTF import finished in 0.27s
[turntable] normalized: raw height 1.40 m -> 1.75 m (scale 1.250)
[turntable] studio 3-point lighting rigged
Blender 4.2.3 LTS (hash 0e22e4fcea03 built 2024-10-14 23:31:34)
Fra:1 Mem:23.95M (Peak 24.47M) | Time:00:00.00 | Mem:0.00M, Peak:0.00M | Scene, ViewLayer | Synchronizing object | TurntableGround
Fra:1 Mem:23.95M (Peak 24.47M) | Time:00:00.00 | Mem:0.00M, Peak:0.00M | Scene, ViewLayer | Synchronizing object | textured_mesh.obj
Fra:1 Mem:28.99M (Peak 37.88M) | Time:00:00.02 | Mem:0.00M, Peak:0.00M | Scene, ViewLayer | Initializing
Fra:1 Mem:27.43M (Peak 37.88M) | Time:00:00.02 | Mem:0.00M, Peak:0.00M | Scene, ViewLayer | Updating Images | Loading Image_1
Fra:1 Mem:27.43M (Peak 37.88M) | Time:00:00.02 | Mem:0.00M, Peak:0.00M | Scene, ViewLayer | Updating Images | Loading Image_0
Fra:1 Mem:59.00M (Peak 91.45M) | Time:00:00.19 | Mem:32.00M, Peak:32.00M | Scene, ViewLayer | Waiting for render to start
Fra:1 Mem:59.00M (Peak 91.45M) | Time:00:00.19 | Mem:32.00M, Peak:32.00M | Scene, ViewLayer | Loading render kernels (may take a few minutes the first time)
Fra:1 Mem:59.00M (Peak 91.45M) | Time:00:00.19 | Mem:32.00M, Peak:32.00M | Scene, ViewLayer | Updating Scene
Fra:1 Mem:59.00M (Peak 91.45M) | Time:00:00.19 | Mem:32.00M, Peak:32.00M | Scene, ViewLayer | Updating Shaders
Fra:1 Mem:59.08M (Peak 91.45M) | Time:00:00.19 | Mem:32.00M, Peak:32.00M | Scene, ViewLayer | Updating Procedurals
Fra:1 Mem:59.08M (Peak 91.45M) | Time:00:00.19 | Mem:32.00M, Peak:32.00M | Scene, ViewLayer | Updating Background
Fra:1 Mem:59.08M (Peak 91.45M) | Time:00:00.19 | Mem:32.00M, Peak:32.00M | Scene, ViewLayer | Updating Camera
Fra:1 Mem:59.08M (Peak 91.45M) | Time:00:00.19 | Mem:32.00M, Peak:32.00M | Scene, ViewLayer | Updating Meshes Flags
Fra:1 Mem:59.08M (Peak 91.45M) | Time:00:00.19 | Mem:32.00M, Peak:32.00M | Scene, ViewLayer | Updating Objects
Fra:1 Mem:59.08M (Peak 91.45M) | Time:00:00.19 | Mem:32.00M, Peak:32.00M | Scene, ViewLayer | Updating Objects | Copying Transformations to device
Fra:1 Mem:59.08M (Peak 91.45M) | Time:00:00.19 | Mem:32.00M, Peak:32.00M | Scene, ViewLayer | Updating Objects | Applying Static Transformations
Fra:1 Mem:59.08M (Peak 91.45M) | Time:00:00.19 | Mem:32.00M, Peak:32.00M | Scene, ViewLayer | Updating Particle Systems
Fra:1 Mem:59.08M (Peak 91.45M) | Time:00:00.19 | Mem:32.00M, Peak:32.00M | Scene, ViewLayer | Updating Particle Systems | Copying Particles to device
Fra:1 Mem:59.08M (Peak 91.45M) | Time:00:00.19 | Mem:32.00M, Peak:32.00M | Scene, ViewLayer | Updating Meshes
Fra:1 Mem:59.31M (Peak 91.45M) | Time:00:00.19 | Mem:32.00M, Peak:32.00M | Scene, ViewLayer | Updating Mesh | Computing attributes
Fra:1 Mem:60.17M (Peak 91.45M) | Time:00:00.19 | Mem:32.00M, Peak:32.00M | Scene, ViewLayer | Updating Mesh | Copying Attributes to device
Fra:1 Mem:60.17M (Peak 91.45M) | Time:00:00.19 | Mem:32.86M, Peak:32.86M | Scene, ViewLayer | Updating Scene BVH | Building
Fra:1 Mem:60.17M (Peak 91.45M) | Time:00:00.19 | Mem:32.86M, Peak:32.86M | Scene, ViewLayer | Updating Scene BVH | Building BVH
Fra:1 Mem:60.17M (Peak 91.45M) | Time:00:00.19 | Mem:33.32M, Peak:33.32M | Scene, ViewLayer | Updating Scene BVH | Building BVH 0%
Fra:1 Mem:60.17M (Peak 91.45M) | Time:00:00.20 | Mem:33.87M, Peak:34.33M | Scene, ViewLayer | Updating Scene BVH | Copying BVH to device
Fra:1 Mem:60.17M (Peak 91.45M) | Time:00:00.20 | Mem:33.87M, Peak:34.33M | Scene, ViewLayer | Updating Mesh | Computing normals
Fra:1 Mem:61.83M (Peak 91.45M) | Time:00:00.20 | Mem:33.87M, Peak:34.33M | Scene, ViewLayer | Updating Mesh | Copying Mesh to device
Fra:1 Mem:61.83M (Peak 91.45M) | Time:00:00.20 | Mem:35.53M, Peak:35.53M | Scene, ViewLayer | Updating Objects Flags
Fra:1 Mem:61.83M (Peak 91.45M) | Time:00:00.20 | Mem:35.53M, Peak:35.53M | Scene, ViewLayer | Updating Primitive Offsets
Fra:1 Mem:61.83M (Peak 91.45M) | Time:00:00.20 | Mem:35.53M, Peak:35.53M | Scene, ViewLayer | Updating Images
Fra:1 Mem:61.83M (Peak 91.45M) | Time:00:00.20 | Mem:35.53M, Peak:35.53M | Scene, ViewLayer | Updating Camera Volume
Fra:1 Mem:61.83M (Peak 91.45M) | Time:00:00.20 | Mem:35.53M, Peak:35.53M | Scene, ViewLayer | Updating Lookup Tables
Fra:1 Mem:61.83M (Peak 91.45M) | Time:00:00.20 | Mem:35.61M, Peak:35.61M | Scene, ViewLayer | Updating Lights
Fra:1 Mem:61.83M (Peak 91.45M) | Time:00:00.20 | Mem:35.61M, Peak:35.61M | Scene, ViewLayer | Updating Lights | Computing tree
Fra:1 Mem:61.83M (Peak 91.45M) | Time:00:00.20 | Mem:35.61M, Peak:35.61M | Scene, ViewLayer | Updating Integrator
Fra:1 Mem:61.83M (Peak 91.45M) | Time:00:00.20 | Mem:35.61M, Peak:35.61M | Scene, ViewLayer | Updating Film
Fra:1 Mem:61.84M (Peak 91.45M) | Time:00:00.20 | Mem:35.53M, Peak:35.61M | Scene, ViewLayer | Updating Lookup Tables
Fra:1 Mem:61.84M (Peak 91.45M) | Time:00:00.20 | Mem:35.61M, Peak:35.61M | Scene, ViewLayer | Updating Baking
Fra:1 Mem:61.84M (Peak 91.45M) | Time:00:00.20 | Mem:35.61M, Peak:35.61M | Scene, ViewLayer | Updating Device | Writing constant memory
Fra:1 Mem:61.84M (Peak 91.45M) | Time:00:00.20 | Mem:35.61M, Peak:35.61M | Scene, ViewLayer | Loading denoising kernels (may take a few minutes the first time)
Fra:1 Mem:61.84M (Peak 91.45M) | Time:00:00.20 | Mem:35.61M, Peak:35.61M | Scene, ViewLayer | Sample 0/28
Fra:1 Mem:137.85M (Peak 137.85M) | Time:00:01.58 | Remaining:00:37.14 | Mem:111.63M, Peak:111.63M | Scene, ViewLayer | Sample 1/28
Fra:1 Mem:137.85M (Peak 137.85M) | Time:00:25.13 | Remaining:00:16.13 | Mem:111.63M, Peak:111.63M | Scene, ViewLayer | Sample 17/28
Fra:1 Mem:169.85M (Peak 217.85M) | Time:00:55.25 | Mem:111.63M, Peak:111.63M | Scene, ViewLayer | Sample 28/28
Fra:1 Mem:169.85M (Peak 217.85M) | Time:00:55.25 | Mem:111.63M, Peak:111.63M | Scene, ViewLayer | Finished
Saved: '/home/hatch/workspace/rpg-crawler-game/art-work/previews/incoming/batch2/final_cleric_side.png'
Time: 00:55.61 (Saving: 00:00.35)

[turntable] rendered /home/hatch/workspace/rpg-crawler-game/art-work/previews/incoming/batch2/final_cleric_side.png
[turntable] done

Blender quit
