[rig] targets: tris=25000 height=1.75
00:55:34 | INFO: Data are loaded, start creating Blender stuff
00:55:34 | INFO: Blender create Mesh node textured_mesh.obj
00:55:34 | INFO: glTF import finished in 0.22s
[rig] floor peel: removed 880 faces below z=-0.7961 (spike 15271 verts)
Info: Removed 6055 vertices
Info: Removed: 418 vertices, 1295 edges, 0 faces
[rig] dropped 0 debris faces (islands<60 faces, biggest=18017)
[rig] cleaned: 9455 verts
[rig] raw height 1.859 m -> 1.75 m (scale 0.9413)
[rig] tris before decimate: 19113
[rig] analyzing joints, H=1.750
[rig] leg peaks detected -> symmetric x=+-0.242
[rig] shoulder x=+-0.251 (surf 0.329)
[rig] staff detected on R at x=-0.365
[rig] joint Hips           (+0.000, -0.072, +0.928)
[rig] joint Spine          (+0.000, +0.033, +1.050)
[rig] joint Spine1         (+0.000, +0.018, +1.190)
[rig] joint Spine2         (+0.000, -0.086, +1.330)
[rig] joint Neck           (+0.000, +0.022, +1.487)
[rig] joint Head           (+0.000, -0.068, +1.619)
[rig] joint LeftShoulder   (+0.113, -0.010, +1.418)
[rig] joint LeftArm        (+0.251, -0.009, +1.400)
[rig] joint LeftForeArm    (+0.245, +0.045, +1.073)
[rig] joint LeftHand       (+0.238, +0.112, +0.672)
[rig] joint LeftUpLeg      (+0.242, -0.043, +0.875)
[rig] joint LeftLeg        (+0.242, +0.103, +0.472)
[rig] joint LeftFoot       (+0.242, +0.093, +0.131)
[rig] joint LeftToeBase    (+0.242, -0.082, +0.052)
[rig] joint RightShoulder  (-0.113, -0.010, +1.418)
[rig] joint RightArm       (-0.251, +0.093, +1.400)
[rig] joint RightForeArm   (-0.233, -0.020, +1.080)
[rig] joint RightHand      (-0.210, -0.157, +0.688)
[rig] joint RightUpLeg     (-0.242, -0.024, +0.875)
[rig] joint RightLeg       (-0.242, +0.104, +0.472)
[rig] joint RightFoot      (-0.242, +0.122, +0.131)
[rig] joint RightToeBase   (-0.242, -0.053, +0.052)
[rig] bone Hips           head=(+0.000,-0.072,+0.928) len=0.252
[rig] bone Spine          head=(+0.000,+0.033,+1.050) len=0.141
[rig] bone Spine1         head=(+0.000,+0.018,+1.190) len=0.175
[rig] bone Spine2         head=(+0.000,-0.086,+1.330) len=0.191
[rig] bone Neck           head=(+0.000,+0.022,+1.487) len=0.159
[rig] bone Head           head=(+0.000,-0.068,+1.619) len=0.160
[rig] bone LeftShoulder   head=(+0.113,-0.010,+1.418) len=0.139
[rig] bone LeftArm        head=(+0.251,-0.009,+1.400) len=0.332
[rig] bone LeftForeArm    head=(+0.245,+0.045,+1.073) len=0.406
[rig] bone LeftHand       head=(+0.238,+0.112,+0.672) len=0.130
[rig] bone RightShoulder  head=(-0.113,-0.010,+1.418) len=0.173
[rig] bone RightArm       head=(-0.251,+0.093,+1.400) len=0.340
[rig] bone RightForeArm   head=(-0.233,-0.020,+1.080) len=0.416
[rig] bone RightHand      head=(-0.210,-0.157,+0.688) len=0.130
[rig] bone LeftUpLeg      head=(+0.242,-0.043,+0.875) len=0.428
[rig] bone LeftLeg        head=(+0.242,+0.103,+0.472) len=0.341
[rig] bone LeftFoot       head=(+0.242,+0.093,+0.131) len=0.192
[rig] bone LeftToeBase    head=(+0.242,-0.082,+0.052) len=0.070
[rig] bone RightUpLeg     head=(-0.242,-0.024,+0.875) len=0.422
[rig] bone RightLeg       head=(-0.242,+0.104,+0.472) len=0.342
[rig] bone RightFoot      head=(-0.242,+0.122,+0.131) len=0.192
[rig] bone RightToeBase   head=(-0.242,-0.053,+0.052) len=0.070
[rig] vertex groups: 22, unweighted verts: 0/9455
Blender 4.2.3 LTS (hash 0e22e4fcea03 built 2024-10-14 23:31:34)
Fra:1 Mem:21.02M (Peak 21.02M) | Time:00:00.04 | Mem:0.00M, Peak:0.00M | Scene, ViewLayer | Synchronizing object | textured_mesh.obj
Fra:1 Mem:22.35M (Peak 22.35M) | Time:00:00.05 | Mem:0.00M, Peak:0.00M | Scene, ViewLayer | Synchronizing object | DBG_Hips
Fra:1 Mem:22.42M (Peak 22.42M) | Time:00:00.06 | Mem:0.00M, Peak:0.00M | Scene, ViewLayer | Synchronizing object | DBG_Spine
Fra:1 Mem:22.48M (Peak 22.48M) | Time:00:00.06 | Mem:0.00M, Peak:0.00M | Scene, ViewLayer | Synchronizing object | DBG_Spine1
Fra:1 Mem:22.55M (Peak 22.55M) | Time:00:00.06 | Mem:0.00M, Peak:0.00M | Scene, ViewLayer | Synchronizing object | DBG_Spine2
Fra:1 Mem:22.61M (Peak 22.61M) | Time:00:00.06 | Mem:0.00M, Peak:0.00M | Scene, ViewLayer | Synchronizing object | DBG_Neck
Fra:1 Mem:22.68M (Peak 22.68M) | Time:00:00.06 | Mem:0.00M, Peak:0.00M | Scene, ViewLayer | Synchronizing object | DBG_Head
Fra:1 Mem:22.75M (Peak 22.75M) | Time:00:00.06 | Mem:0.00M, Peak:0.00M | Scene, ViewLayer | Synchronizing object | DBG_LeftShoulder
Fra:1 Mem:22.81M (Peak 22.81M) | Time:00:00.06 | Mem:0.00M, Peak:0.00M | Scene, ViewLayer | Synchronizing object | DBG_LeftArm
Fra:1 Mem:22.95M (Peak 22.95M) | Time:00:00.07 | Mem:0.00M, Peak:0.00M | Scene, ViewLayer | Synchronizing object | DBG_LeftForeArm
Fra:1 Mem:23.01M (Peak 23.01M) | Time:00:00.07 | Mem:0.00M, Peak:0.00M | Scene, ViewLayer | Synchronizing object | DBG_LeftHand
Fra:1 Mem:23.08M (Peak 23.08M) | Time:00:00.07 | Mem:0.00M, Peak:0.00M | Scene, ViewLayer | Synchronizing object | DBG_LeftUpLeg
Fra:1 Mem:23.15M (Peak 23.15M) | Time:00:00.07 | Mem:0.00M, Peak:0.00M | Scene, ViewLayer | Synchronizing object | DBG_LeftLeg
Fra:1 Mem:23.21M (Peak 23.21M) | Time:00:00.07 | Mem:0.00M, Peak:0.00M | Scene, ViewLayer | Synchronizing object | DBG_LeftFoot
Fra:1 Mem:23.28M (Peak 23.28M) | Time:00:00.07 | Mem:0.00M, Peak:0.00M | Scene, ViewLayer | Synchronizing object | DBG_LeftToeBase
Fra:1 Mem:23.34M (Peak 23.34M) | Time:00:00.08 | Mem:0.00M, Peak:0.00M | Scene, ViewLayer | Synchronizing object | DBG_RightShoulder
Fra:1 Mem:23.41M (Peak 23.41M) | Time:00:00.08 | Mem:0.00M, Peak:0.00M | Scene, ViewLayer | Synchronizing object | DBG_RightArm
Fra:1 Mem:23.47M (Peak 23.47M) | Time:00:00.08 | Mem:0.00M, Peak:0.00M | Scene, ViewLayer | Synchronizing object | DBG_RightForeArm
Fra:1 Mem:23.54M (Peak 23.54M) | Time:00:00.08 | Mem:0.00M, Peak:0.00M | Scene, ViewLayer | Synchronizing object | DBG_RightHand
Fra:1 Mem:23.61M (Peak 23.61M) | Time:00:00.09 | Mem:0.00M, Peak:0.00M | Scene, ViewLayer | Synchronizing object | DBG_RightUpLeg
Fra:1 Mem:23.67M (Peak 23.67M) | Time:00:00.09 | Mem:0.00M, Peak:0.00M | Scene, ViewLayer | Synchronizing object | DBG_RightLeg
Fra:1 Mem:23.74M (Peak 23.74M) | Time:00:00.09 | Mem:0.00M, Peak:0.00M | Scene, ViewLayer | Synchronizing object | DBG_RightFoot
Fra:1 Mem:23.80M (Peak 23.80M) | Time:00:00.09 | Mem:0.00M, Peak:0.00M | Scene, ViewLayer | Synchronizing object | DBG_RightToeBase
Fra:1 Mem:24.52M (Peak 24.96M) | Time:00:00.10 | Mem:0.00M, Peak:0.00M | Scene, ViewLayer | Initializing
Fra:1 Mem:23.55M (Peak 24.96M) | Time:00:00.10 | Mem:0.00M, Peak:0.00M | Scene, ViewLayer | Updating Images | Loading Image_1
Fra:1 Mem:23.55M (Peak 24.96M) | Time:00:00.11 | Mem:0.00M, Peak:0.00M | Scene, ViewLayer | Updating Images | Loading Image_0
Fra:1 Mem:54.67M (Peak 87.57M) | Time:00:01.27 | Mem:32.00M, Peak:32.00M | Scene, ViewLayer | Waiting for render to start
Fra:1 Mem:54.68M (Peak 87.57M) | Time:00:01.27 | Mem:32.00M, Peak:32.00M | Scene, ViewLayer | Loading render kernels (may take a few minutes the first time)
Fra:1 Mem:54.68M (Peak 87.57M) | Time:00:01.27 | Mem:32.00M, Peak:32.00M | Scene, ViewLayer | Updating Scene
Fra:1 Mem:54.68M (Peak 87.57M) | Time:00:01.27 | Mem:32.00M, Peak:32.00M | Scene, ViewLayer | Updating Shaders
Fra:1 Mem:54.76M (Peak 87.57M) | Time:00:01.27 | Mem:32.00M, Peak:32.00M | Scene, ViewLayer | Updating Procedurals
Fra:1 Mem:54.76M (Peak 87.57M) | Time:00:01.27 | Mem:32.00M, Peak:32.00M | Scene, ViewLayer | Updating Background
Fra:1 Mem:54.76M (Peak 87.57M) | Time:00:01.27 | Mem:32.00M, Peak:32.00M | Scene, ViewLayer | Updating Camera
Fra:1 Mem:54.76M (Peak 87.57M) | Time:00:01.27 | Mem:32.00M, Peak:32.00M | Scene, ViewLayer | Updating Meshes Flags
Fra:1 Mem:54.76M (Peak 87.57M) | Time:00:01.27 | Mem:32.00M, Peak:32.00M | Scene, ViewLayer | Updating Objects
Fra:1 Mem:54.76M (Peak 87.57M) | Time:00:01.27 | Mem:32.00M, Peak:32.00M | Scene, ViewLayer | Updating Objects | Copying Transformations to device
Fra:1 Mem:54.76M (Peak 87.57M) | Time:00:01.27 | Mem:32.01M, Peak:32.01M | Scene, ViewLayer | Updating Objects | Applying Static Transformations
Fra:1 Mem:54.76M (Peak 87.57M) | Time:00:01.27 | Mem:32.01M, Peak:32.01M | Scene, ViewLayer | Updating Particle Systems
Fra:1 Mem:54.76M (Peak 87.57M) | Time:00:01.27 | Mem:32.01M, Peak:32.01M | Scene, ViewLayer | Updating Particle Systems | Copying Particles to device
Fra:1 Mem:54.76M (Peak 87.57M) | Time:00:01.27 | Mem:32.01M, Peak:32.01M | Scene, ViewLayer | Updating Meshes
Fra:1 Mem:55.38M (Peak 87.57M) | Time:00:01.28 | Mem:32.01M, Peak:32.01M | Scene, ViewLayer | Updating Mesh | Computing attributes
Fra:1 Mem:55.93M (Peak 87.57M) | Time:00:01.28 | Mem:32.01M, Peak:32.01M | Scene, ViewLayer | Updating Mesh | Copying Attributes to device
Fra:1 Mem:55.92M (Peak 87.57M) | Time:00:01.28 | Mem:32.55M, Peak:32.55M | Scene, ViewLayer | Updating Scene BVH | Building
Fra:1 Mem:55.92M (Peak 87.57M) | Time:00:01.28 | Mem:32.55M, Peak:32.55M | Scene, ViewLayer | Updating Scene BVH | Building BVH
Fra:1 Mem:55.92M (Peak 87.57M) | Time:00:01.28 | Mem:33.78M, Peak:33.78M | Scene, ViewLayer | Updating Scene BVH | Building BVH 0%
Fra:1 Mem:55.92M (Peak 87.57M) | Time:00:01.35 | Mem:35.25M, Peak:36.48M | Scene, ViewLayer | Updating Scene BVH | Copying BVH to device
Fra:1 Mem:55.92M (Peak 87.57M) | Time:00:01.35 | Mem:35.25M, Peak:36.48M | Scene, ViewLayer | Updating Mesh | Computing normals
Fra:1 Mem:57.30M (Peak 87.57M) | Time:00:01.35 | Mem:35.25M, Peak:36.48M | Scene, ViewLayer | Updating Mesh | Copying Mesh to device
Fra:1 Mem:57.30M (Peak 87.57M) | Time:00:01.35 | Mem:36.63M, Peak:36.63M | Scene, ViewLayer | Updating Objects Flags
Fra:1 Mem:57.30M (Peak 87.57M) | Time:00:01.35 | Mem:36.63M, Peak:36.63M | Scene, ViewLayer | Updating Primitive Offsets
Fra:1 Mem:57.30M (Peak 87.57M) | Time:00:01.35 | Mem:36.63M, Peak:36.63M | Scene, ViewLayer | Updating Images
Fra:1 Mem:57.30M (Peak 87.57M) | Time:00:01.35 | Mem:36.63M, Peak:36.63M | Scene, ViewLayer | Updating Camera Volume
Fra:1 Mem:57.30M (Peak 87.57M) | Time:00:01.35 | Mem:36.63M, Peak:36.63M | Scene, ViewLayer | Updating Lookup Tables
Fra:1 Mem:57.30M (Peak 87.57M) | Time:00:01.35 | Mem:36.71M, Peak:36.71M | Scene, ViewLayer | Updating Lights
Fra:1 Mem:57.30M (Peak 87.57M) | Time:00:01.35 | Mem:36.71M, Peak:36.71M | Scene, ViewLayer | Updating Lights | Computing tree
Fra:1 Mem:57.30M (Peak 87.57M) | Time:00:01.35 | Mem:36.71M, Peak:36.71M | Scene, ViewLayer | Updating Integrator
Fra:1 Mem:57.30M (Peak 87.57M) | Time:00:01.35 | Mem:36.71M, Peak:36.71M | Scene, ViewLayer | Updating Film
Fra:1 Mem:57.31M (Peak 87.57M) | Time:00:01.35 | Mem:36.63M, Peak:36.71M | Scene, ViewLayer | Updating Lookup Tables
Fra:1 Mem:57.31M (Peak 87.57M) | Time:00:01.35 | Mem:36.71M, Peak:36.71M | Scene, ViewLayer | Updating Baking
Fra:1 Mem:57.31M (Peak 87.57M) | Time:00:01.35 | Mem:36.71M, Peak:36.71M | Scene, ViewLayer | Updating Device | Writing constant memory
Fra:1 Mem:57.31M (Peak 87.57M) | Time:00:01.35 | Mem:36.71M, Peak:36.71M | Scene, ViewLayer | Loading denoising kernels (may take a few minutes the first time)
Fra:1 Mem:57.31M (Peak 87.57M) | Time:00:01.35 | Mem:36.71M, Peak:36.71M | Scene, ViewLayer | Sample 0/24
Fra:1 Mem:133.32M (Peak 133.32M) | Time:00:03.50 | Remaining:00:49.46 | Mem:112.72M, Peak:112.72M | Scene, ViewLayer | Sample 1/24
Fra:1 Mem:133.32M (Peak 133.32M) | Time:00:37.60 | Remaining:00:14.92 | Mem:112.72M, Peak:112.72M | Scene, ViewLayer | Sample 17/24
Fra:1 Mem:165.32M (Peak 213.32M) | Time:02:11.98 | Mem:112.72M, Peak:112.72M | Scene, ViewLayer | Sample 24/24
Fra:1 Mem:165.32M (Peak 213.32M) | Time:02:11.99 | Mem:112.72M, Peak:112.72M | Scene, ViewLayer | Finished
Saved: '/home/hatch/workspace/rpg-crawler-game/art-work/incoming/batch2/work_B/dbg_cleric.png'
Time: 02:13.14 (Saving: 00:01.08)

[rig] debug render -> /home/hatch/workspace/rpg-crawler-game/art-work/incoming/batch2/work_B/dbg_cleric.png
00:57:53 | INFO: Starting glTF 2.0 export
00:57:53 | INFO: Extracting primitive: textured_mesh.obj
00:57:55 | WARNING: More than one shader node tex image used for a texture. The resulting glTF sampler will behave like the first shader node tex image.
00:57:56 | INFO: Primitives created: 1
00:57:56 | WARNING: There are more than 4 joint vertex influences.The 4 with highest weight will be used (and normalized).
00:57:56 | INFO: Finished glTF 2.0 export in 3.3713483810424805 s
INFO Draco mesh compression is available, use library at /home/hatch/workspace/tools/blender-4.2.3-linux-x64/4.2/python/lib/python3.11/site-packages/libextern_draco.so

[rig] exported /home/hatch/workspace/rpg-crawler-game/art-work/incoming/batch2/work_B/rigged_cleric.glb
[rig] DONE unweighted=0

Blender quit
