[rig] targets: tris=15000 height=1.4
00:34:12 | INFO: Data are loaded, start creating Blender stuff
00:34:12 | INFO: Blender create Mesh node textured_mesh.obj
00:34:13 | INFO: glTF import finished in 0.58s
[rig] floor peel: removed 3748 faces below z=-0.3419 (spike 13026 verts)
Info: Removed 5633 vertices
Info: Removed: 1850 vertices, 5596 edges, 0 faces
[rig] dropped 0 debris faces (islands<60 faces, biggest=16183)
[rig] cleaned: 8026 verts
[rig] raw height 0.797 m -> 1.4 m (scale 1.7568)
[rig] tris before decimate: 16183
[rig] tris after decimate: 14999 (ratio 0.927)
[rig] analyzing joints, H=1.400
[rig] leg peaks detected -> symmetric x=+-0.234
[rig] shoulder x=+-0.222 (surf 0.285)
[rig] joint Hips           (+0.000, +0.547, +0.742)
[rig] joint Spine          (+0.000, +0.575, +0.840)
[rig] joint Spine1         (+0.000, +0.587, +0.952)
[rig] joint Spine2         (+0.000, +0.534, +1.064)
[rig] joint Neck           (+0.000, +0.506, +1.190)
[rig] joint Head           (+0.000, +0.477, +1.295)
[rig] joint LeftShoulder   (+0.100, +0.547, +1.134)
[rig] joint LeftArm        (+0.222, +0.547, +1.120)
[rig] joint LeftForeArm    (+0.218, +0.428, +0.857)
[rig] joint LeftHand       (+0.214, +0.283, +0.536)
[rig] joint LeftUpLeg      (+0.224, +0.409, +0.700)
[rig] joint LeftLeg        (+0.224, +0.340, +0.378)
[rig] joint LeftFoot       (+0.224, +0.354, +0.105)
[rig] joint LeftToeBase    (+0.224, +0.214, +0.042)
[rig] joint RightShoulder  (-0.100, +0.547, +1.134)
[rig] joint RightArm       (-0.222, +0.548, +1.120)
[rig] joint RightForeArm   (-0.237, +0.373, +0.858)
[rig] joint RightHand      (-0.255, +0.158, +0.538)
[rig] joint RightUpLeg     (-0.224, +0.555, +0.700)
[rig] joint RightLeg       (-0.224, -0.117, +0.378)
[rig] joint RightFoot      (-0.224, +0.727, +0.105)
[rig] joint RightToeBase   (-0.224, +0.587, +0.042)
[rig] bone Hips           head=(+0.000,+0.547,+0.742) len=0.266
[rig] bone Spine          head=(+0.000,+0.575,+0.840) len=0.113
[rig] bone Spine1         head=(+0.000,+0.587,+0.952) len=0.124
[rig] bone Spine2         head=(+0.000,+0.534,+1.064) len=0.129
[rig] bone Neck           head=(+0.000,+0.506,+1.190) len=0.109
[rig] bone Head           head=(+0.000,+0.477,+1.295) len=0.160
[rig] bone LeftShoulder   head=(+0.100,+0.547,+1.134) len=0.123
[rig] bone LeftArm        head=(+0.222,+0.547,+1.120) len=0.288
[rig] bone LeftForeArm    head=(+0.218,+0.428,+0.857) len=0.352
[rig] bone LeftHand       head=(+0.214,+0.283,+0.536) len=0.130
[rig] bone RightShoulder  head=(-0.100,+0.547,+1.134) len=0.123
[rig] bone RightArm       head=(-0.222,+0.548,+1.120) len=0.315
[rig] bone RightForeArm   head=(-0.237,+0.373,+0.858) len=0.385
[rig] bone RightHand      head=(-0.255,+0.158,+0.538) len=0.130
[rig] bone LeftUpLeg      head=(+0.224,+0.409,+0.700) len=0.329
[rig] bone LeftLeg        head=(+0.224,+0.340,+0.378) len=0.273
[rig] bone LeftFoot       head=(+0.224,+0.354,+0.105) len=0.154
[rig] bone LeftToeBase    head=(+0.224,+0.214,+0.042) len=0.070
[rig] bone RightUpLeg     head=(-0.224,+0.555,+0.700) len=0.745
[rig] bone RightLeg       head=(-0.224,-0.117,+0.378) len=0.887
[rig] bone RightFoot      head=(-0.224,+0.727,+0.105) len=0.154
[rig] bone RightToeBase   head=(-0.224,+0.587,+0.042) len=0.070
[rig] vertex groups: 22, unweighted verts: 0/7434
Blender 4.2.3 LTS (hash 0e22e4fcea03 built 2024-10-14 23:31:34)
Fra:1 Mem:19.68M (Peak 19.68M) | Time:00:00.39 | Mem:0.00M, Peak:0.00M | Scene, ViewLayer | Synchronizing object | textured_mesh.obj
Fra:1 Mem:20.69M (Peak 20.69M) | Time:00:00.41 | Mem:0.00M, Peak:0.00M | Scene, ViewLayer | Synchronizing object | DBG_Hips
Fra:1 Mem:20.76M (Peak 20.76M) | Time:00:00.41 | Mem:0.00M, Peak:0.00M | Scene, ViewLayer | Synchronizing object | DBG_Spine
Fra:1 Mem:20.82M (Peak 20.82M) | Time:00:00.41 | Mem:0.00M, Peak:0.00M | Scene, ViewLayer | Synchronizing object | DBG_Spine1
Fra:1 Mem:20.89M (Peak 20.89M) | Time:00:00.41 | Mem:0.00M, Peak:0.00M | Scene, ViewLayer | Synchronizing object | DBG_Spine2
Fra:1 Mem:20.95M (Peak 20.95M) | Time:00:00.41 | Mem:0.00M, Peak:0.00M | Scene, ViewLayer | Synchronizing object | DBG_Neck
Fra:1 Mem:21.02M (Peak 21.02M) | Time:00:00.41 | Mem:0.00M, Peak:0.00M | Scene, ViewLayer | Synchronizing object | DBG_Head
Fra:1 Mem:21.09M (Peak 21.09M) | Time:00:00.41 | Mem:0.00M, Peak:0.00M | Scene, ViewLayer | Synchronizing object | DBG_LeftShoulder
Fra:1 Mem:21.15M (Peak 21.15M) | Time:00:00.41 | Mem:0.00M, Peak:0.00M | Scene, ViewLayer | Synchronizing object | DBG_LeftArm
Fra:1 Mem:21.27M (Peak 21.27M) | Time:00:00.43 | Mem:0.00M, Peak:0.00M | Scene, ViewLayer | Synchronizing object | DBG_LeftForeArm
Fra:1 Mem:21.34M (Peak 21.34M) | Time:00:00.43 | Mem:0.00M, Peak:0.00M | Scene, ViewLayer | Synchronizing object | DBG_LeftHand
Fra:1 Mem:21.41M (Peak 21.41M) | Time:00:00.43 | Mem:0.00M, Peak:0.00M | Scene, ViewLayer | Synchronizing object | DBG_LeftUpLeg
Fra:1 Mem:21.47M (Peak 21.47M) | Time:00:00.43 | Mem:0.00M, Peak:0.00M | Scene, ViewLayer | Synchronizing object | DBG_LeftLeg
Fra:1 Mem:21.54M (Peak 21.54M) | Time:00:00.43 | Mem:0.00M, Peak:0.00M | Scene, ViewLayer | Synchronizing object | DBG_LeftFoot
Fra:1 Mem:21.60M (Peak 21.60M) | Time:00:00.43 | Mem:0.00M, Peak:0.00M | Scene, ViewLayer | Synchronizing object | DBG_LeftToeBase
Fra:1 Mem:21.67M (Peak 21.67M) | Time:00:00.43 | Mem:0.00M, Peak:0.00M | Scene, ViewLayer | Synchronizing object | DBG_RightShoulder
Fra:1 Mem:21.73M (Peak 21.73M) | Time:00:00.43 | Mem:0.00M, Peak:0.00M | Scene, ViewLayer | Synchronizing object | DBG_RightArm
Fra:1 Mem:21.80M (Peak 21.80M) | Time:00:00.45 | Mem:0.00M, Peak:0.00M | Scene, ViewLayer | Synchronizing object | DBG_RightForeArm
Fra:1 Mem:22.38M (Peak 22.38M) | Time:00:00.46 | Mem:0.00M, Peak:0.00M | Scene, ViewLayer | Synchronizing object | DBG_RightHand
Fra:1 Mem:22.45M (Peak 22.45M) | Time:00:00.46 | Mem:0.00M, Peak:0.00M | Scene, ViewLayer | Synchronizing object | DBG_RightUpLeg
Fra:1 Mem:22.51M (Peak 22.51M) | Time:00:00.46 | Mem:0.00M, Peak:0.00M | Scene, ViewLayer | Synchronizing object | DBG_RightLeg
Fra:1 Mem:22.58M (Peak 22.58M) | Time:00:00.46 | Mem:0.00M, Peak:0.00M | Scene, ViewLayer | Synchronizing object | DBG_RightFoot
Fra:1 Mem:22.71M (Peak 22.71M) | Time:00:00.47 | Mem:0.00M, Peak:0.00M | Scene, ViewLayer | Initializing
Fra:1 Mem:21.92M (Peak 22.71M) | Time:00:00.47 | Mem:0.00M, Peak:0.00M | Scene, ViewLayer | Updating Images | Loading Image_1
Fra:1 Mem:37.92M (Peak 37.92M) | Time:00:00.48 | Mem:0.00M, Peak:0.00M | Scene, ViewLayer | Updating Images | Loading Image_0
Fra:1 Mem:53.04M (Peak 85.94M) | Time:00:02.55 | Mem:32.00M, Peak:32.00M | Scene, ViewLayer | Waiting for render to start
Fra:1 Mem:53.05M (Peak 85.94M) | Time:00:02.55 | Mem:32.00M, Peak:32.00M | Scene, ViewLayer | Loading render kernels (may take a few minutes the first time)
Fra:1 Mem:53.05M (Peak 85.94M) | Time:00:02.55 | Mem:32.00M, Peak:32.00M | Scene, ViewLayer | Updating Scene
Fra:1 Mem:53.05M (Peak 85.94M) | Time:00:02.55 | Mem:32.00M, Peak:32.00M | Scene, ViewLayer | Updating Shaders
Fra:1 Mem:53.13M (Peak 85.94M) | Time:00:02.55 | Mem:32.00M, Peak:32.00M | Scene, ViewLayer | Updating Procedurals
Fra:1 Mem:53.13M (Peak 85.94M) | Time:00:02.55 | Mem:32.00M, Peak:32.00M | Scene, ViewLayer | Updating Background
Fra:1 Mem:53.13M (Peak 85.94M) | Time:00:02.55 | Mem:32.00M, Peak:32.00M | Scene, ViewLayer | Updating Camera
Fra:1 Mem:53.13M (Peak 85.94M) | Time:00:02.55 | Mem:32.00M, Peak:32.00M | Scene, ViewLayer | Updating Meshes Flags
Fra:1 Mem:53.13M (Peak 85.94M) | Time:00:02.55 | Mem:32.00M, Peak:32.00M | Scene, ViewLayer | Updating Objects
Fra:1 Mem:53.13M (Peak 85.94M) | Time:00:02.55 | Mem:32.00M, Peak:32.00M | Scene, ViewLayer | Updating Objects | Copying Transformations to device
Fra:1 Mem:53.13M (Peak 85.94M) | Time:00:02.55 | Mem:32.01M, Peak:32.01M | Scene, ViewLayer | Updating Objects | Applying Static Transformations
Fra:1 Mem:53.13M (Peak 85.94M) | Time:00:02.55 | Mem:32.01M, Peak:32.01M | Scene, ViewLayer | Updating Particle Systems
Fra:1 Mem:53.13M (Peak 85.94M) | Time:00:02.55 | Mem:32.01M, Peak:32.01M | Scene, ViewLayer | Updating Particle Systems | Copying Particles to device
Fra:1 Mem:53.13M (Peak 85.94M) | Time:00:02.55 | Mem:32.01M, Peak:32.01M | Scene, ViewLayer | Updating Meshes
Fra:1 Mem:53.69M (Peak 85.94M) | Time:00:02.56 | Mem:32.01M, Peak:32.01M | Scene, ViewLayer | Updating Mesh | Computing attributes
Fra:1 Mem:54.12M (Peak 85.94M) | Time:00:02.56 | Mem:32.01M, Peak:32.01M | Scene, ViewLayer | Updating Mesh | Copying Attributes to device
Fra:1 Mem:54.12M (Peak 85.94M) | Time:00:02.56 | Mem:32.44M, Peak:32.44M | Scene, ViewLayer | Updating Scene BVH | Building
Fra:1 Mem:54.12M (Peak 85.94M) | Time:00:02.57 | Mem:32.44M, Peak:32.44M | Scene, ViewLayer | Updating Scene BVH | Building BVH
Fra:1 Mem:54.12M (Peak 85.94M) | Time:00:02.57 | Mem:33.54M, Peak:33.54M | Scene, ViewLayer | Updating Scene BVH | Building BVH 0%
Fra:1 Mem:54.12M (Peak 85.94M) | Time:00:02.83 | Mem:35.84M, Peak:35.84M | Scene, ViewLayer | Updating Scene BVH | Building BVH 97%
Fra:1 Mem:54.12M (Peak 85.94M) | Time:00:02.83 | Mem:34.86M, Peak:35.96M | Scene, ViewLayer | Updating Scene BVH | Copying BVH to device
Fra:1 Mem:54.12M (Peak 85.94M) | Time:00:02.83 | Mem:34.86M, Peak:35.96M | Scene, ViewLayer | Updating Mesh | Computing normals
Fra:1 Mem:55.35M (Peak 85.94M) | Time:00:02.83 | Mem:34.86M, Peak:35.96M | Scene, ViewLayer | Updating Mesh | Copying Mesh to device
Fra:1 Mem:55.35M (Peak 85.94M) | Time:00:02.83 | Mem:36.10M, Peak:36.10M | Scene, ViewLayer | Updating Objects Flags
Fra:1 Mem:55.35M (Peak 85.94M) | Time:00:02.83 | Mem:36.10M, Peak:36.10M | Scene, ViewLayer | Updating Primitive Offsets
Fra:1 Mem:55.36M (Peak 85.94M) | Time:00:02.83 | Mem:36.10M, Peak:36.10M | Scene, ViewLayer | Updating Images
Fra:1 Mem:55.36M (Peak 85.94M) | Time:00:02.83 | Mem:36.10M, Peak:36.10M | Scene, ViewLayer | Updating Camera Volume
Fra:1 Mem:55.36M (Peak 85.94M) | Time:00:02.83 | Mem:36.10M, Peak:36.10M | Scene, ViewLayer | Updating Lookup Tables
Fra:1 Mem:55.36M (Peak 85.94M) | Time:00:02.84 | Mem:36.18M, Peak:36.18M | Scene, ViewLayer | Updating Lights
Fra:1 Mem:55.36M (Peak 85.94M) | Time:00:02.84 | Mem:36.18M, Peak:36.18M | Scene, ViewLayer | Updating Lights | Computing tree
Fra:1 Mem:55.36M (Peak 85.94M) | Time:00:02.84 | Mem:36.18M, Peak:36.18M | Scene, ViewLayer | Updating Integrator
Fra:1 Mem:55.36M (Peak 85.94M) | Time:00:02.84 | Mem:36.18M, Peak:36.18M | Scene, ViewLayer | Updating Film
Fra:1 Mem:55.36M (Peak 85.94M) | Time:00:02.84 | Mem:36.10M, Peak:36.18M | Scene, ViewLayer | Updating Lookup Tables
Fra:1 Mem:55.36M (Peak 85.94M) | Time:00:02.84 | Mem:36.18M, Peak:36.18M | Scene, ViewLayer | Updating Baking
Fra:1 Mem:55.36M (Peak 85.94M) | Time:00:02.84 | Mem:36.18M, Peak:36.18M | Scene, ViewLayer | Updating Device | Writing constant memory
Fra:1 Mem:55.36M (Peak 85.94M) | Time:00:02.84 | Mem:36.18M, Peak:36.18M | Scene, ViewLayer | Loading denoising kernels (may take a few minutes the first time)
Fra:1 Mem:55.36M (Peak 85.94M) | Time:00:02.84 | Mem:36.18M, Peak:36.18M | Scene, ViewLayer | Sample 0/24
Fra:1 Mem:131.37M (Peak 131.37M) | Time:00:08.07 | Remaining:02:00.46 | Mem:112.19M, Peak:112.19M | Scene, ViewLayer | Sample 1/24
Fra:1 Mem:131.37M (Peak 131.37M) | Time:00:33.32 | Remaining:00:50.81 | Mem:112.19M, Peak:112.19M | Scene, ViewLayer | Sample 9/24
Fra:1 Mem:131.37M (Peak 131.37M) | Time:00:52.54 | Remaining:00:20.46 | Mem:112.19M, Peak:112.19M | Scene, ViewLayer | Sample 17/24
Fra:1 Mem:163.37M (Peak 211.37M) | Time:02:54.16 | Mem:112.19M, Peak:112.19M | Scene, ViewLayer | Sample 24/24
Fra:1 Mem:163.37M (Peak 211.37M) | Time:02:54.16 | Mem:112.19M, Peak:112.19M | Scene, ViewLayer | Finished
Saved: '/home/hatch/workspace/rpg-crawler-game/art-work/incoming/batch2/work_B/dbg_skel_warrior.png'
Time: 02:56.98 (Saving: 00:02.80)

[rig] debug render -> /home/hatch/workspace/rpg-crawler-game/art-work/incoming/batch2/work_B/dbg_skel_warrior.png
00:37:19 | INFO: Starting glTF 2.0 export
00:37:19 | INFO: Extracting primitive: textured_mesh.obj
00:37:21 | WARNING: More than one shader node tex image used for a texture. The resulting glTF sampler will behave like the first shader node tex image.
00:37:22 | INFO: Primitives created: 1
00:37:22 | WARNING: There are more than 4 joint vertex influences.The 4 with highest weight will be used (and normalized).
00:37:22 | INFO: Finished glTF 2.0 export in 2.7722883224487305 s
INFO Draco mesh compression is available, use library at /home/hatch/workspace/tools/blender-4.2.3-linux-x64/4.2/python/lib/python3.11/site-packages/libextern_draco.so

[rig] exported /home/hatch/workspace/rpg-crawler-game/art-work/incoming/batch2/work_B/rigged_skel_warrior.glb
[rig] DONE unweighted=0

Blender quit
