[turntable] importing /home/hatch/workspace/rpg-crawler-game/art-work/incoming/batch2/work_B/rigged_skel_warrior.glb
00:54:18 | INFO: Data are loaded, start creating Blender stuff
00:54:18 | INFO: Blender create Mesh node textured_mesh.obj
00:54:19 | INFO: glTF import finished in 0.26s
[turntable] normalized: raw height 2.40 m -> 1.75 m (scale 0.729)
[turntable] studio 3-point lighting rigged
Blender 4.2.3 LTS (hash 0e22e4fcea03 built 2024-10-14 23:31:34)
Fra:1 Mem:21.92M (Peak 21.92M) | Time:00:00.00 | Mem:0.00M, Peak:0.00M | Scene, ViewLayer | Synchronizing object | TurntableGround
Fra:1 Mem:21.92M (Peak 21.92M) | Time:00:00.00 | Mem:0.00M, Peak:0.00M | Scene, ViewLayer | Synchronizing object | textured_mesh.obj
Fra:1 Mem:26.97M (Peak 35.71M) | Time:00:00.02 | Mem:0.00M, Peak:0.00M | Scene, ViewLayer | Initializing
Fra:1 Mem:25.40M (Peak 35.71M) | Time:00:00.02 | Mem:0.00M, Peak:0.00M | Scene, ViewLayer | Updating Images | Loading Image_1
Fra:1 Mem:25.40M (Peak 35.71M) | Time:00:00.02 | Mem:0.00M, Peak:0.00M | Scene, ViewLayer | Updating Images | Loading Image_0
Fra:1 Mem:56.97M (Peak 89.43M) | Time:00:00.20 | Mem:32.00M, Peak:32.00M | Scene, ViewLayer | Waiting for render to start
Fra:1 Mem:56.98M (Peak 89.43M) | Time:00:00.20 | Mem:32.00M, Peak:32.00M | Scene, ViewLayer | Loading render kernels (may take a few minutes the first time)
Fra:1 Mem:56.98M (Peak 89.43M) | Time:00:00.20 | Mem:32.00M, Peak:32.00M | Scene, ViewLayer | Updating Scene
Fra:1 Mem:56.98M (Peak 89.43M) | Time:00:00.20 | Mem:32.00M, Peak:32.00M | Scene, ViewLayer | Updating Shaders
Fra:1 Mem:57.06M (Peak 89.43M) | Time:00:00.21 | Mem:32.00M, Peak:32.00M | Scene, ViewLayer | Updating Procedurals
Fra:1 Mem:57.06M (Peak 89.43M) | Time:00:00.21 | Mem:32.00M, Peak:32.00M | Scene, ViewLayer | Updating Background
Fra:1 Mem:57.06M (Peak 89.43M) | Time:00:00.21 | Mem:32.00M, Peak:32.00M | Scene, ViewLayer | Updating Camera
Fra:1 Mem:57.06M (Peak 89.43M) | Time:00:00.21 | Mem:32.00M, Peak:32.00M | Scene, ViewLayer | Updating Meshes Flags
Fra:1 Mem:57.06M (Peak 89.43M) | Time:00:00.21 | Mem:32.00M, Peak:32.00M | Scene, ViewLayer | Updating Objects
Fra:1 Mem:57.06M (Peak 89.43M) | Time:00:00.21 | Mem:32.00M, Peak:32.00M | Scene, ViewLayer | Updating Objects | Copying Transformations to device
Fra:1 Mem:57.06M (Peak 89.43M) | Time:00:00.21 | Mem:32.00M, Peak:32.00M | Scene, ViewLayer | Updating Objects | Applying Static Transformations
Fra:1 Mem:57.06M (Peak 89.43M) | Time:00:00.21 | Mem:32.00M, Peak:32.00M | Scene, ViewLayer | Updating Particle Systems
Fra:1 Mem:57.06M (Peak 89.43M) | Time:00:00.21 | Mem:32.00M, Peak:32.00M | Scene, ViewLayer | Updating Particle Systems | Copying Particles to device
Fra:1 Mem:57.06M (Peak 89.43M) | Time:00:00.21 | Mem:32.00M, Peak:32.00M | Scene, ViewLayer | Updating Meshes
Fra:1 Mem:57.29M (Peak 89.43M) | Time:00:00.21 | Mem:32.00M, Peak:32.00M | Scene, ViewLayer | Updating Mesh | Computing attributes
Fra:1 Mem:58.15M (Peak 89.43M) | Time:00:00.21 | Mem:32.00M, Peak:32.00M | Scene, ViewLayer | Updating Mesh | Copying Attributes to device
Fra:1 Mem:58.15M (Peak 89.43M) | Time:00:00.21 | Mem:32.86M, Peak:32.86M | Scene, ViewLayer | Updating Scene BVH | Building
Fra:1 Mem:58.15M (Peak 89.43M) | Time:00:00.21 | Mem:32.86M, Peak:32.86M | Scene, ViewLayer | Updating Scene BVH | Building BVH
Fra:1 Mem:58.15M (Peak 89.43M) | Time:00:00.25 | Mem:33.32M, Peak:33.32M | Scene, ViewLayer | Updating Scene BVH | Building BVH 0%
Fra:1 Mem:58.15M (Peak 89.43M) | Time:00:00.26 | Mem:33.87M, Peak:34.33M | Scene, ViewLayer | Updating Scene BVH | Copying BVH to device
Fra:1 Mem:58.15M (Peak 89.43M) | Time:00:00.26 | Mem:33.87M, Peak:34.33M | Scene, ViewLayer | Updating Mesh | Computing normals
Fra:1 Mem:59.81M (Peak 89.43M) | Time:00:00.26 | Mem:33.87M, Peak:34.33M | Scene, ViewLayer | Updating Mesh | Copying Mesh to device
Fra:1 Mem:59.81M (Peak 89.43M) | Time:00:00.26 | Mem:35.53M, Peak:35.53M | Scene, ViewLayer | Updating Objects Flags
Fra:1 Mem:59.81M (Peak 89.43M) | Time:00:00.26 | Mem:35.53M, Peak:35.53M | Scene, ViewLayer | Updating Primitive Offsets
Fra:1 Mem:59.81M (Peak 89.43M) | Time:00:00.26 | Mem:35.53M, Peak:35.53M | Scene, ViewLayer | Updating Images
Fra:1 Mem:59.81M (Peak 89.43M) | Time:00:00.26 | Mem:35.53M, Peak:35.53M | Scene, ViewLayer | Updating Camera Volume
Fra:1 Mem:59.81M (Peak 89.43M) | Time:00:00.26 | Mem:35.53M, Peak:35.53M | Scene, ViewLayer | Updating Lookup Tables
Fra:1 Mem:59.81M (Peak 89.43M) | Time:00:00.26 | Mem:35.61M, Peak:35.61M | Scene, ViewLayer | Updating Lights
Fra:1 Mem:59.81M (Peak 89.43M) | Time:00:00.26 | Mem:35.61M, Peak:35.61M | Scene, ViewLayer | Updating Lights | Computing tree
Fra:1 Mem:59.81M (Peak 89.43M) | Time:00:00.26 | Mem:35.61M, Peak:35.61M | Scene, ViewLayer | Updating Integrator
Fra:1 Mem:59.81M (Peak 89.43M) | Time:00:00.26 | Mem:35.61M, Peak:35.61M | Scene, ViewLayer | Updating Film
Fra:1 Mem:59.81M (Peak 89.43M) | Time:00:00.26 | Mem:35.53M, Peak:35.61M | Scene, ViewLayer | Updating Lookup Tables
Fra:1 Mem:59.81M (Peak 89.43M) | Time:00:00.26 | Mem:35.61M, Peak:35.61M | Scene, ViewLayer | Updating Baking
Fra:1 Mem:59.81M (Peak 89.43M) | Time:00:00.26 | Mem:35.61M, Peak:35.61M | Scene, ViewLayer | Updating Device | Writing constant memory
Fra:1 Mem:59.81M (Peak 89.43M) | Time:00:00.26 | Mem:35.61M, Peak:35.61M | Scene, ViewLayer | Loading denoising kernels (may take a few minutes the first time)
Fra:1 Mem:59.81M (Peak 89.43M) | Time:00:00.26 | Mem:35.61M, Peak:35.61M | Scene, ViewLayer | Sample 0/48
Fra:1 Mem:135.82M (Peak 135.82M) | Time:00:01.65 | Remaining:01:05.33 | Mem:111.63M, Peak:111.63M | Scene, ViewLayer | Sample 1/48
Fra:1 Mem:135.82M (Peak 135.82M) | Time:00:30.62 | Remaining:00:55.35 | Mem:111.63M, Peak:111.63M | Scene, ViewLayer | Sample 17/48
Fra:1 Mem:135.82M (Peak 135.82M) | Time:01:20.52 | Remaining:00:36.48 | Mem:111.63M, Peak:111.63M | Scene, ViewLayer | Sample 33/48
Fra:1 Mem:167.82M (Peak 215.83M) | Time:04:02.91 | Mem:111.63M, Peak:111.63M | Scene, ViewLayer | Sample 48/48
Fra:1 Mem:167.82M (Peak 215.83M) | Time:04:02.91 | Mem:111.63M, Peak:111.63M | Scene, ViewLayer | Finished
Saved: '/home/hatch/workspace/rpg-crawler-game/art-work/previews/incoming/batch2/final_skel_warrior_front.png'
Time: 04:05.35 (Saving: 00:02.40)

[turntable] rendered /home/hatch/workspace/rpg-crawler-game/art-work/previews/incoming/batch2/final_skel_warrior_front.png
Fra:1 Mem:24.32M (Peak 24.32M) | Time:00:00.01 | Mem:0.00M, Peak:0.00M | Scene, ViewLayer | Synchronizing object | textured_mesh.obj
Fra:1 Mem:32.48M (Peak 32.48M) | Time:00:00.02 | Mem:0.00M, Peak:0.00M | Scene, ViewLayer | Synchronizing object | TurntableGround
Fra:1 Mem:26.97M (Peak 35.76M) | Time:00:00.13 | Mem:0.00M, Peak:0.00M | Scene, ViewLayer | Initializing
Fra:1 Mem:25.40M (Peak 35.76M) | Time:00:00.13 | Mem:0.00M, Peak:0.00M | Scene, ViewLayer | Updating Images | Loading Image_1
Fra:1 Mem:41.41M (Peak 41.41M) | Time:00:00.14 | Mem:0.00M, Peak:0.00M | Scene, ViewLayer | Updating Images | Loading Image_0
Fra:1 Mem:56.97M (Peak 89.43M) | Time:00:01.03 | Mem:32.00M, Peak:32.00M | Scene, ViewLayer | Waiting for render to start
Fra:1 Mem:56.98M (Peak 89.43M) | Time:00:01.03 | Mem:32.00M, Peak:32.00M | Scene, ViewLayer | Loading render kernels (may take a few minutes the first time)
Fra:1 Mem:56.98M (Peak 89.43M) | Time:00:01.03 | Mem:32.00M, Peak:32.00M | Scene, ViewLayer | Updating Scene
Fra:1 Mem:56.98M (Peak 89.43M) | Time:00:01.03 | Mem:32.00M, Peak:32.00M | Scene, ViewLayer | Updating Shaders
Fra:1 Mem:57.06M (Peak 89.43M) | Time:00:01.03 | Mem:32.00M, Peak:32.00M | Scene, ViewLayer | Updating Procedurals
Fra:1 Mem:57.06M (Peak 89.43M) | Time:00:01.03 | Mem:32.00M, Peak:32.00M | Scene, ViewLayer | Updating Background
Fra:1 Mem:57.06M (Peak 89.43M) | Time:00:01.03 | Mem:32.00M, Peak:32.00M | Scene, ViewLayer | Updating Camera
Fra:1 Mem:57.06M (Peak 89.43M) | Time:00:01.03 | Mem:32.00M, Peak:32.00M | Scene, ViewLayer | Updating Meshes Flags
Fra:1 Mem:57.06M (Peak 89.43M) | Time:00:01.03 | Mem:32.00M, Peak:32.00M | Scene, ViewLayer | Updating Objects
Fra:1 Mem:57.06M (Peak 89.43M) | Time:00:01.03 | Mem:32.00M, Peak:32.00M | Scene, ViewLayer | Updating Objects | Copying Transformations to device
Fra:1 Mem:57.06M (Peak 89.43M) | Time:00:01.03 | Mem:32.00M, Peak:32.00M | Scene, ViewLayer | Updating Objects | Applying Static Transformations
Fra:1 Mem:57.06M (Peak 89.43M) | Time:00:01.03 | Mem:32.00M, Peak:32.00M | Scene, ViewLayer | Updating Particle Systems
Fra:1 Mem:57.06M (Peak 89.43M) | Time:00:01.03 | Mem:32.00M, Peak:32.00M | Scene, ViewLayer | Updating Particle Systems | Copying Particles to device
Fra:1 Mem:57.06M (Peak 89.43M) | Time:00:01.03 | Mem:32.00M, Peak:32.00M | Scene, ViewLayer | Updating Meshes
Fra:1 Mem:57.29M (Peak 89.43M) | Time:00:01.04 | Mem:32.00M, Peak:32.00M | Scene, ViewLayer | Updating Mesh | Computing attributes
Fra:1 Mem:58.15M (Peak 89.43M) | Time:00:01.04 | Mem:32.00M, Peak:32.00M | Scene, ViewLayer | Updating Mesh | Copying Attributes to device
Fra:1 Mem:58.15M (Peak 89.43M) | Time:00:01.04 | Mem:32.86M, Peak:32.86M | Scene, ViewLayer | Updating Scene BVH | Building
Fra:1 Mem:58.15M (Peak 89.43M) | Time:00:01.04 | Mem:32.86M, Peak:32.86M | Scene, ViewLayer | Updating Scene BVH | Building BVH
Fra:1 Mem:58.15M (Peak 89.43M) | Time:00:01.04 | Mem:33.32M, Peak:33.32M | Scene, ViewLayer | Updating Scene BVH | Building BVH 0%
Fra:1 Mem:58.15M (Peak 89.43M) | Time:00:01.09 | Mem:33.87M, Peak:34.33M | Scene, ViewLayer | Updating Scene BVH | Copying BVH to device
Fra:1 Mem:58.15M (Peak 89.43M) | Time:00:01.09 | Mem:33.87M, Peak:34.33M | Scene, ViewLayer | Updating Mesh | Computing normals
Fra:1 Mem:59.81M (Peak 89.43M) | Time:00:01.09 | Mem:33.87M, Peak:34.33M | Scene, ViewLayer | Updating Mesh | Copying Mesh to device
Fra:1 Mem:59.81M (Peak 89.43M) | Time:00:01.09 | Mem:35.53M, Peak:35.53M | Scene, ViewLayer | Updating Objects Flags
Fra:1 Mem:59.81M (Peak 89.43M) | Time:00:01.09 | Mem:35.53M, Peak:35.53M | Scene, ViewLayer | Updating Primitive Offsets
Fra:1 Mem:59.81M (Peak 89.43M) | Time:00:01.09 | Mem:35.53M, Peak:35.53M | Scene, ViewLayer | Updating Images
Fra:1 Mem:59.81M (Peak 89.43M) | Time:00:01.09 | Mem:35.53M, Peak:35.53M | Scene, ViewLayer | Updating Camera Volume
Fra:1 Mem:59.81M (Peak 89.43M) | Time:00:01.09 | Mem:35.53M, Peak:35.53M | Scene, ViewLayer | Updating Lookup Tables
Fra:1 Mem:59.81M (Peak 89.43M) | Time:00:01.09 | Mem:35.61M, Peak:35.61M | Scene, ViewLayer | Updating Lights
Fra:1 Mem:59.81M (Peak 89.43M) | Time:00:01.09 | Mem:35.61M, Peak:35.61M | Scene, ViewLayer | Updating Lights | Computing tree
Fra:1 Mem:59.81M (Peak 89.43M) | Time:00:01.09 | Mem:35.61M, Peak:35.61M | Scene, ViewLayer | Updating Integrator
Fra:1 Mem:59.81M (Peak 89.43M) | Time:00:01.09 | Mem:35.61M, Peak:35.61M | Scene, ViewLayer | Updating Film
Fra:1 Mem:59.81M (Peak 89.43M) | Time:00:01.09 | Mem:35.53M, Peak:35.61M | Scene, ViewLayer | Updating Lookup Tables
Fra:1 Mem:59.81M (Peak 89.43M) | Time:00:01.09 | Mem:35.61M, Peak:35.61M | Scene, ViewLayer | Updating Baking
Fra:1 Mem:59.81M (Peak 89.43M) | Time:00:01.09 | Mem:35.61M, Peak:35.61M | Scene, ViewLayer | Updating Device | Writing constant memory
Fra:1 Mem:59.81M (Peak 89.43M) | Time:00:01.09 | Mem:35.61M, Peak:35.61M | Scene, ViewLayer | Loading denoising kernels (may take a few minutes the first time)
Fra:1 Mem:59.81M (Peak 89.43M) | Time:00:01.09 | Mem:35.61M, Peak:35.61M | Scene, ViewLayer | Sample 0/48
